******************************************************************************
                  TI ARM Linker PC v5.2.3                      
******************************************************************************
>> Linked Sun Mar 22 13:43:56 2015

OUTPUT FILE NAME:   <Nokia.out>
ENTRY POINT SYMBOL: "_c_int00"  address: 00000cf1


MEMORY CONFIGURATION

         name            origin    length      used     unused   attr    fill
----------------------  --------  ---------  --------  --------  ----  --------
  FLASH                 00000000   00040000  0000143c  0003ebc4  R  X
  SRAM                  20000000   00008000  0000040c  00007bf4  RW X


SEGMENT ALLOCATION MAP

run origin  load origin   length   init length attrs members
----------  ----------- ---------- ----------- ----- -------
00000000    00000000    00001440   00001440    r-x
  00000000    00000000    0000026c   0000026c    r-- .intvecs
  0000026c    0000026c    00000bc0   00000bc0    r-x .text
  00000e2c    00000e2c    000005d8   000005d8    r-- .const
  00001408    00001408    00000038   00000038    r-- .cinit
20000000    20000000    0000040c   00000000    rw-
  20000000    20000000    00000200   00000000    rw- .stack
  20000200    20000200    000001f8   00000000    rw- .bss
  200003f8    200003f8    00000014   00000000    rw- .data


SECTION ALLOCATION MAP

 output                                  attributes/
section   page    origin      length       input sections
--------  ----  ----------  ----------   ----------------
.intvecs   0    00000000    0000026c     
                  00000000    0000026c     tm4c123gh6pm_startup_ccs.obj (.intvecs)

.text      0    0000026c    00000bc0     
                  0000026c    00000730     Nokia5110.obj (.text)
                  0000099c    000000e8     Nokia5110TestMain.obj (.text)
                  00000a84    0000009c     rtsv7M4_T_le_v4SPD16_eabi.lib : memcpy_t2.obj (.text)
                  00000b20    0000007c     PLL.obj (.text)
                  00000b9c    0000007a     rtsv7M4_T_le_v4SPD16_eabi.lib : memset_t2.obj (.text)
                  00000c16    00000002     --HOLE-- [fill = 0]
                  00000c18    0000006c                                   : autoinit.obj (.text)
                  00000c84    0000006a                                   : copy_decompress_rle.obj (.text)
                  00000cee    00000002     --HOLE-- [fill = 0]
                  00000cf0    00000050                                   : boot.obj (.text)
                  00000d40    0000004c                                   : cpy_tbl.obj (.text)
                  00000d8c    00000044                                   : exit.obj (.text)
                  00000dd0    00000018                                   : args_main.obj (.text)
                  00000de8    00000014                                   : _lock.obj (.text)
                  00000dfc    0000000e                                   : copy_decompress_none.obj (.text:decompress:none)
                  00000e0a    0000000c                                   : copy_zero_init.obj (.text:decompress:ZI)
                  00000e16    0000000c     tm4c123gh6pm_startup_ccs.obj (.text)
                  00000e22    00000006     rtsv7M4_T_le_v4SPD16_eabi.lib : copy_decompress_rle.obj (.text:decompress:rle24)
                  00000e28    00000004                                   : pre_init.obj (.text)

.const     0    00000e2c    000005d8     
                  00000e2c    000001f8     Nokia5110TestMain.obj (.const:.string:Longhorn2)
                  00001024    000001f8     Nokia5110TestMain.obj (.const:.string:Longhorn)
                  0000121c    000001e0     Nokia5110.obj (.const:ASCII)
                  000013fc    00000008     Nokia5110.obj (.const:.string)

.cinit     0    00001408    00000038     
                  00001408    0000000f     (.cinit..data.load) [load image, compression = rle]
                  00001417    00000001     --HOLE-- [fill = 0]
                  00001418    0000000c     (__TI_handler_table)
                  00001424    00000004     --HOLE-- [fill = 0]
                  00001428    00000008     (.cinit..bss.load) [load image, compression = zero_init]
                  00001430    00000010     (__TI_cinit_table)

.init_array 
*          0    00000000    00000000     UNINITIALIZED

.stack     0    20000000    00000200     UNINITIALIZED
                  20000000    00000200     --HOLE--

.bss       0    20000200    000001f8     UNINITIALIZED
                  20000200    000001f8     Nokia5110.obj (.bss:Screen)

.TI.noinit 
*          0    20000200    00000000     UNINITIALIZED

.data      0    200003f8    00000014     UNINITIALIZED
                  200003f8    00000008     rtsv7M4_T_le_v4SPD16_eabi.lib : _lock.obj (.data)
                  20000400    00000008                                   : exit.obj (.data)
                  20000408    00000004                                   : stkdepth_vars.obj (.data)

.TI.persistent 
*          0    200003f8    00000000     UNINITIALIZED


LINKER GENERATED COPY TABLES

__TI_cinit_table @ 00001430 records: 2, size/record: 8, table size: 16
	.data: load addr=00001408, load size=0000000f bytes, run addr=200003f8, run size=00000014 bytes, compression=rle
	.bss: load addr=00001428, load size=00000008 bytes, run addr=20000200, run size=000001f8 bytes, compression=zero_init


LINKER GENERATED HANDLER TABLE

__TI_handler_table @ 00001418 records: 3, size/record: 4, table size: 12
	index: 0, handler: __TI_decompress_rle24
	index: 1, handler: __TI_decompress_none
	index: 2, handler: __TI_zero_init


GLOBAL SYMBOLS: SORTED ALPHABETICALLY BY Name 

address   name                    
-------   ----                    
00000d8d  C$$EXIT                 
0000099d  Delay                   
00001024  Longhorn                
00000e2c  Longhorn2               
000013fc  Masks                   
000006b5  Nokia5110_Clear         
00000911  Nokia5110_ClearBuffer   
00000945  Nokia5110_ClrPxl        
0000093b  Nokia5110_DisplayBuffer 
000006e5  Nokia5110_DrawFullImage 
000002db  Nokia5110_Init          
000003f5  Nokia5110_OutChar       
00000435  Nokia5110_OutString     
00000461  Nokia5110_OutUDec       
0000072d  Nokia5110_PrintBMP      
00000665  Nokia5110_SetCursor     
0000096f  Nokia5110_SetPxl        
00000b21  PLL_Init                
00000e17  ResetISR                
UNDEFED   SHT$$INIT_ARRAY$$Base   
UNDEFED   SHT$$INIT_ARRAY$$Limit  
20000200  Screen                  
20000200  __STACK_END             
00000200  __STACK_SIZE            
20000200  __STACK_TOP             
00001430  __TI_CINIT_Base         
00001440  __TI_CINIT_Limit        
00001418  __TI_Handler_Table_Base 
00001424  __TI_Handler_Table_Limit
00000c19  __TI_auto_init          
20000400  __TI_cleanup_ptr        
00000dfd  __TI_decompress_none    
00000e23  __TI_decompress_rle24   
20000404  __TI_dtors_ptr          
00000000  __TI_static_base__      
00000e0b  __TI_zero_init          
00000b9d  __aeabi_memclr          
00000b9d  __aeabi_memclr4         
00000b9d  __aeabi_memclr8         
00000a85  __aeabi_memcpy          
00000a85  __aeabi_memcpy4         
00000a85  __aeabi_memcpy8         
00000b9f  __aeabi_memset          
00000b9f  __aeabi_memset4         
00000b9f  __aeabi_memset8         
ffffffff  __binit__               
ffffffff  __c_args__              
20000000  __stack                 
00000dd1  _args_main              
00000cf1  _c_int00                
200003f8  _lock                   
00000df7  _nop                    
00000def  _register_lock          
00000de9  _register_unlock        
00000e29  _system_pre_init        
200003fc  _unlock                 
00000d91  abort                   
ffffffff  binit                   
00000d41  copy_in                 
00000d99  exit                    
00000000  g_pfnVectors            
000009ad  main                    
20000408  main_func_sp            
00000a85  memcpy                  
00000ba5  memset                  


GLOBAL SYMBOLS: SORTED BY Symbol Address 

address   name                    
-------   ----                    
00000000  __TI_static_base__      
00000000  g_pfnVectors            
00000200  __STACK_SIZE            
000002db  Nokia5110_Init          
000003f5  Nokia5110_OutChar       
00000435  Nokia5110_OutString     
00000461  Nokia5110_OutUDec       
00000665  Nokia5110_SetCursor     
000006b5  Nokia5110_Clear         
000006e5  Nokia5110_DrawFullImage 
0000072d  Nokia5110_PrintBMP      
00000911  Nokia5110_ClearBuffer   
0000093b  Nokia5110_DisplayBuffer 
00000945  Nokia5110_ClrPxl        
0000096f  Nokia5110_SetPxl        
0000099d  Delay                   
000009ad  main                    
00000a85  __aeabi_memcpy          
00000a85  __aeabi_memcpy4         
00000a85  __aeabi_memcpy8         
00000a85  memcpy                  
00000b21  PLL_Init                
00000b9d  __aeabi_memclr          
00000b9d  __aeabi_memclr4         
00000b9d  __aeabi_memclr8         
00000b9f  __aeabi_memset          
00000b9f  __aeabi_memset4         
00000b9f  __aeabi_memset8         
00000ba5  memset                  
00000c19  __TI_auto_init          
00000cf1  _c_int00                
00000d41  copy_in                 
00000d8d  C$$EXIT                 
00000d91  abort                   
00000d99  exit                    
00000dd1  _args_main              
00000de9  _register_unlock        
00000def  _register_lock          
00000df7  _nop                    
00000dfd  __TI_decompress_none    
00000e0b  __TI_zero_init          
00000e17  ResetISR                
00000e23  __TI_decompress_rle24   
00000e29  _system_pre_init        
00000e2c  Longhorn2               
00001024  Longhorn                
000013fc  Masks                   
00001418  __TI_Handler_Table_Base 
00001424  __TI_Handler_Table_Limit
00001430  __TI_CINIT_Base         
00001440  __TI_CINIT_Limit        
20000000  __stack                 
20000200  Screen                  
20000200  __STACK_END             
20000200  __STACK_TOP             
200003f8  _lock                   
200003fc  _unlock                 
20000400  __TI_cleanup_ptr        
20000404  __TI_dtors_ptr          
20000408  main_func_sp            
ffffffff  __binit__               
ffffffff  __c_args__              
ffffffff  binit                   
UNDEFED   SHT$$INIT_ARRAY$$Base   
UNDEFED   SHT$$INIT_ARRAY$$Limit  

[65 symbols]
