******************************************************************************
                  TI ARM Linker PC v5.2.3                      
******************************************************************************
>> Linked Sun Mar 22 13:37:20 2015

OUTPUT FILE NAME:   <LaunchPad_Nokia.out>
ENTRY POINT SYMBOL: "_c_int00"  address: 000020d1


MEMORY CONFIGURATION

         name            origin    length      used     unused   attr    fill
----------------------  --------  ---------  --------  --------  ----  --------
  FLASH                 00000000   00040000  00002b42  0003d4be  R  X
  SRAM                  20000000   00008000  0000067c  00007984  RW X


SEGMENT ALLOCATION MAP

run origin  load origin   length   init length attrs members
----------  ----------- ---------- ----------- ----- -------
00000000    00000000    00002b48   00002b48    r-x
  00000000    00000000    0000026c   0000026c    r-- .intvecs
  0000026c    0000026c    00001fe6   00001fe6    r-x .text
  00002254    00002254    000008a8   000008a8    r-- .const
  00002b00    00002b00    00000048   00000048    r-- .cinit
20000000    20000000    0000067c   00000000    rw-
  20000000    20000000    0000026c   00000000    rw- .vtable
  2000026c    2000026c    00000200   00000000    rw- .stack
  2000046c    2000046c    000001fc   00000000    rw- .bss
  20000668    20000668    00000014   00000000    rw- .data


SECTION ALLOCATION MAP

 output                                  attributes/
section   page    origin      length       input sections
--------  ----  ----------  ----------   ----------------
.intvecs   0    00000000    0000026c     
                  00000000    0000026c     tm4c123gh6pm_startup_ccs.obj (.intvecs)

.text      0    0000026c    00001fe6     
                  0000026c    00000f00     sysctl.obj (.text)
                  0000116c    0000072c     Nokia5110.obj (.text)
                  00001898    000003c0     interrupt.obj (.text)
                  00001c58    000000f8     pll.obj (.text)
                  00001d50    000000f4     main.obj (.text)
                  00001e44    0000009c     systick.obj (.text)
                  00001ee0    0000009c     rtsv7M4_T_le_v4SPD16_eabi.lib : memcpy_t2.obj (.text)
                  00001f7c    0000007a                                   : memset_t2.obj (.text)
                  00001ff6    00000002     --HOLE-- [fill = 0]
                  00001ff8    0000006c                                   : autoinit.obj (.text)
                  00002064    0000006a                                   : copy_decompress_rle.obj (.text)
                  000020ce    00000002     --HOLE-- [fill = 0]
                  000020d0    00000050                                   : boot.obj (.text)
                  00002120    0000004c                                   : cpy_tbl.obj (.text)
                  0000216c    00000044                                   : exit.obj (.text)
                  000021b0    0000003e     cpu.obj (.text)
                  000021ee    00000002     --HOLE-- [fill = 0]
                  000021f0    00000018     rtsv7M4_T_le_v4SPD16_eabi.lib : args_main.obj (.text)
                  00002208    00000014                                   : _lock.obj (.text)
                  0000221c    0000000e                                   : copy_decompress_none.obj (.text:decompress:none)
                  0000222a    0000000c                                   : copy_zero_init.obj (.text:decompress:ZI)
                  00002236    0000000c     tm4c123gh6pm_startup_ccs.obj (.text)
                  00002242    00000006     sysctl.obj (.text:SysCtlDelay)
                  00002248    00000006     rtsv7M4_T_le_v4SPD16_eabi.lib : copy_decompress_rle.obj (.text:decompress:rle24)
                  0000224e    00000004                                   : pre_init.obj (.text)

.const     0    00002254    000008a8     
                  00002254    000001f8     main.obj (.const:.string:Longhorn2)
                  0000244c    000001f8     main.obj (.const:.string:Longhorn)
                  00002644    000001e0     Nokia5110.obj (.const:ASCII)
                  00002824    00000120     sysctl.obj (.const:g_pppui32XTALtoVCO)
                  00002944    0000009c     interrupt.obj (.const:g_pui32Regs)
                  000029e0    00000070     interrupt.obj (.const)
                  00002a50    0000006c     sysctl.obj (.const:g_pui32Xtals)
                  00002abc    00000030     sysctl.obj (.const:g_sXTALtoMEMTIM)
                  00002aec    00000008     Nokia5110.obj (.const:.string)
                  00002af4    00000008     sysctl.obj (.const)

.cinit     0    00002b00    00000048     
                  00002b00    0000000f     (.cinit..data.load) [load image, compression = rle]
                  00002b0f    00000001     --HOLE-- [fill = 0]
                  00002b10    0000000c     (__TI_handler_table)
                  00002b1c    00000004     --HOLE-- [fill = 0]
                  00002b20    00000008     (.cinit..bss.load) [load image, compression = zero_init]
                  00002b28    00000008     (.cinit..vtable.load) [load image, compression = zero_init]
                  00002b30    00000018     (__TI_cinit_table)

.init_array 
*          0    00000000    00000000     UNINITIALIZED

.vtable    0    20000000    0000026c     UNINITIALIZED
                  20000000    0000026c     interrupt.obj (.vtable)

.stack     0    2000026c    00000200     UNINITIALIZED
                  2000026c    00000200     --HOLE--

.bss       0    2000046c    000001fc     UNINITIALIZED
                  2000046c    000001f8     Nokia5110.obj (.bss:Screen)
                  20000664    00000004     (.common:cpu_freq)

.TI.noinit 
*          0    2000046c    00000000     UNINITIALIZED

.data      0    20000668    00000014     UNINITIALIZED
                  20000668    00000008     rtsv7M4_T_le_v4SPD16_eabi.lib : _lock.obj (.data)
                  20000670    00000008                                   : exit.obj (.data)
                  20000678    00000004                                   : stkdepth_vars.obj (.data)

.TI.persistent 
*          0    20000668    00000000     UNINITIALIZED


LINKER GENERATED COPY TABLES

__TI_cinit_table @ 00002b30 records: 3, size/record: 8, table size: 24
	.data: load addr=00002b00, load size=0000000f bytes, run addr=20000668, run size=00000014 bytes, compression=rle
	.bss: load addr=00002b20, load size=00000008 bytes, run addr=2000046c, run size=000001fc bytes, compression=zero_init
	.vtable: load addr=00002b28, load size=00000008 bytes, run addr=20000000, run size=0000026c bytes, compression=zero_init


LINKER GENERATED HANDLER TABLE

__TI_handler_table @ 00002b10 records: 3, size/record: 4, table size: 12
	index: 0, handler: __TI_zero_init
	index: 1, handler: __TI_decompress_rle24
	index: 2, handler: __TI_decompress_none


GLOBAL SYMBOLS: SORTED ALPHABETICALLY BY Name 

address   name                            
-------   ----                            
0000216d  C$$EXIT                         
000021e5  CPUbasepriGet                   
000021d7  CPUbasepriSet                   
000021b1  CPUcpsid                        
000021c7  CPUcpsie                        
000021bd  CPUprimask                      
000021d3  CPUwfi                          
00001a59  IntDisable                      
000019e7  IntEnable                       
00001acb  IntIsEnabled                    
000018ab  IntMasterDisable                
0000189b  IntMasterEnable                 
00001bc1  IntPendClear                    
00001b51  IntPendSet                      
000019c3  IntPriorityGet                  
0000193b  IntPriorityGroupingGet          
00001921  IntPriorityGroupingSet          
00001c1b  IntPriorityMaskGet              
00001c0f  IntPriorityMaskSet              
00001973  IntPrioritySet                  
000018bb  IntRegister                     
00001c23  IntTrigger                      
0000190d  IntUnregister                   
0000244c  Longhorn                        
00002254  Longhorn2                       
00002aec  Masks                           
000015b5  Nokia5110_Clear                 
00001811  Nokia5110_ClearBuffer           
00001845  Nokia5110_ClrPxl                
0000183b  Nokia5110_DisplayBuffer         
000015e5  Nokia5110_DrawFullImage         
000011db  Nokia5110_Init                  
000012f5  Nokia5110_OutChar               
00001335  Nokia5110_OutString             
00001361  Nokia5110_OutUDec               
0000162d  Nokia5110_PrintBMP              
00001565  Nokia5110_SetCursor             
0000186b  Nokia5110_SetPxl                
00002237  ResetISR                        
UNDEFED   SHT$$INIT_ARRAY$$Base           
UNDEFED   SHT$$INIT_ARRAY$$Limit          
2000046c  Screen                          
0000110b  SysCtlAltClkConfig              
000008d9  SysCtlClockFreqSet              
00000dbd  SysCtlClockGet                  
000010ef  SysCtlClockOutConfig            
00000bf1  SysCtlClockSet                  
000007d9  SysCtlDeepSleep                 
00000f91  SysCtlDeepSleepClockConfigSet   
00000f75  SysCtlDeepSleepClockSet         
000007b9  SysCtlDeepSleepPowerSet         
00002243  SysCtlDelay                     
00000365  SysCtlFlashSectorSizeGet        
00000339  SysCtlFlashSizeGet              
00001067  SysCtlGPIOAHBDisable            
0000104b  SysCtlGPIOAHBEnable             
0000074d  SysCtlIntClear                  
00000735  SysCtlIntDisable                
00000721  SysCtlIntEnable                 
000006f9  SysCtlIntRegister               
0000075d  SysCtlIntStatus                 
00000711  SysCtlIntUnregister             
0000079f  SysCtlLDODeepSleepGet           
0000078f  SysCtlLDODeepSleepSet           
00000789  SysCtlLDOSleepGet               
00000779  SysCtlLDOSleepSet               
0000080f  SysCtlMOSCConfigSet             
000010db  SysCtlNMIClear                  
000010d5  SysCtlNMIStatus                 
00000825  SysCtlPIOSCCalibrate            
00001035  SysCtlPWMClockGet               
0000101b  SysCtlPWMClockSet               
000006a5  SysCtlPeripheralClockGating     
0000065d  SysCtlPeripheralDeepSleepDisable
0000060d  SysCtlPeripheralDeepSleepEnable 
00000549  SysCtlPeripheralDisable         
0000050d  SysCtlPeripheralEnable          
00000449  SysCtlPeripheralPowerOff        
0000040d  SysCtlPeripheralPowerOn         
0000038d  SysCtlPeripheralPresent         
000003cd  SysCtlPeripheralReady           
00000485  SysCtlPeripheralReset           
000005d1  SysCtlPeripheralSleepDisable    
0000058d  SysCtlPeripheralSleepEnable     
000007c9  SysCtlReset                     
00000885  SysCtlResetBehaviorGet          
00000875  SysCtlResetBehaviorSet          
000007fb  SysCtlResetCauseClear           
000007f5  SysCtlResetCauseGet             
0000032f  SysCtlSRAMSizeGet               
000007d1  SysCtlSleep                     
000007a5  SysCtlSleepPowerSet             
00001095  SysCtlUSBPLLDisable             
00001083  SysCtlUSBPLLEnable              
000010c1  SysCtlVoltageEventClear         
000010a5  SysCtlVoltageEventConfig        
000010b5  SysCtlVoltageEventStatus        
2000046c  __STACK_END                     
00000200  __STACK_SIZE                    
2000046c  __STACK_TOP                     
00002b30  __TI_CINIT_Base                 
00002b48  __TI_CINIT_Limit                
00002b10  __TI_Handler_Table_Base         
00002b1c  __TI_Handler_Table_Limit        
00001ff9  __TI_auto_init                  
20000670  __TI_cleanup_ptr                
0000221d  __TI_decompress_none            
00002249  __TI_decompress_rle24           
20000674  __TI_dtors_ptr                  
00000000  __TI_static_base__              
0000222b  __TI_zero_init                  
00001f7d  __aeabi_memclr                  
00001f7d  __aeabi_memclr4                 
00001f7d  __aeabi_memclr8                 
00001ee1  __aeabi_memcpy                  
00001ee1  __aeabi_memcpy4                 
00001ee1  __aeabi_memcpy8                 
00001f7f  __aeabi_memset                  
00001f7f  __aeabi_memset4                 
00001f7f  __aeabi_memset8                 
ffffffff  __binit__                       
ffffffff  __c_args__                      
2000026c  __stack                         
000021f1  _args_main                      
000020d1  _c_int00                        
20000668  _lock                           
00002217  _nop                            
0000220f  _register_lock                  
00002209  _register_unlock                
0000224f  _system_pre_init                
2000066c  _unlock                         
00002171  abort                           
ffffffff  binit                           
00002121  copy_in                         
20000664  cpu_freq                        
00002179  exit                            
20000000  g_pfnRAMVectors                 
00000000  g_pfnVectors                    
00001d07  get_cpu_freq                    
00001d51  main                            
20000678  main_func_sp                    
00001ee1  memcpy                          
00001f85  memset                          
00001c59  pll_init                        
00001cd7  set_cpu_freq                    
00001e61  systick_delay                   
00001ead  systick_delay_ms                
00001e87  systick_delay_us                
00001e45  systick_init                    


GLOBAL SYMBOLS: SORTED BY Symbol Address 

address   name                            
-------   ----                            
00000000  __TI_static_base__              
00000000  g_pfnVectors                    
00000200  __STACK_SIZE                    
0000032f  SysCtlSRAMSizeGet               
00000339  SysCtlFlashSizeGet              
00000365  SysCtlFlashSectorSizeGet        
0000038d  SysCtlPeripheralPresent         
000003cd  SysCtlPeripheralReady           
0000040d  SysCtlPeripheralPowerOn         
00000449  SysCtlPeripheralPowerOff        
00000485  SysCtlPeripheralReset           
0000050d  SysCtlPeripheralEnable          
00000549  SysCtlPeripheralDisable         
0000058d  SysCtlPeripheralSleepEnable     
000005d1  SysCtlPeripheralSleepDisable    
0000060d  SysCtlPeripheralDeepSleepEnable 
0000065d  SysCtlPeripheralDeepSleepDisable
000006a5  SysCtlPeripheralClockGating     
000006f9  SysCtlIntRegister               
00000711  SysCtlIntUnregister             
00000721  SysCtlIntEnable                 
00000735  SysCtlIntDisable                
0000074d  SysCtlIntClear                  
0000075d  SysCtlIntStatus                 
00000779  SysCtlLDOSleepSet               
00000789  SysCtlLDOSleepGet               
0000078f  SysCtlLDODeepSleepSet           
0000079f  SysCtlLDODeepSleepGet           
000007a5  SysCtlSleepPowerSet             
000007b9  SysCtlDeepSleepPowerSet         
000007c9  SysCtlReset                     
000007d1  SysCtlSleep                     
000007d9  SysCtlDeepSleep                 
000007f5  SysCtlResetCauseGet             
000007fb  SysCtlResetCauseClear           
0000080f  SysCtlMOSCConfigSet             
00000825  SysCtlPIOSCCalibrate            
00000875  SysCtlResetBehaviorSet          
00000885  SysCtlResetBehaviorGet          
000008d9  SysCtlClockFreqSet              
00000bf1  SysCtlClockSet                  
00000dbd  SysCtlClockGet                  
00000f75  SysCtlDeepSleepClockSet         
00000f91  SysCtlDeepSleepClockConfigSet   
0000101b  SysCtlPWMClockSet               
00001035  SysCtlPWMClockGet               
0000104b  SysCtlGPIOAHBEnable             
00001067  SysCtlGPIOAHBDisable            
00001083  SysCtlUSBPLLEnable              
00001095  SysCtlUSBPLLDisable             
000010a5  SysCtlVoltageEventConfig        
000010b5  SysCtlVoltageEventStatus        
000010c1  SysCtlVoltageEventClear         
000010d5  SysCtlNMIStatus                 
000010db  SysCtlNMIClear                  
000010ef  SysCtlClockOutConfig            
0000110b  SysCtlAltClkConfig              
000011db  Nokia5110_Init                  
000012f5  Nokia5110_OutChar               
00001335  Nokia5110_OutString             
00001361  Nokia5110_OutUDec               
00001565  Nokia5110_SetCursor             
000015b5  Nokia5110_Clear                 
000015e5  Nokia5110_DrawFullImage         
0000162d  Nokia5110_PrintBMP              
00001811  Nokia5110_ClearBuffer           
0000183b  Nokia5110_DisplayBuffer         
00001845  Nokia5110_ClrPxl                
0000186b  Nokia5110_SetPxl                
0000189b  IntMasterEnable                 
000018ab  IntMasterDisable                
000018bb  IntRegister                     
0000190d  IntUnregister                   
00001921  IntPriorityGroupingSet          
0000193b  IntPriorityGroupingGet          
00001973  IntPrioritySet                  
000019c3  IntPriorityGet                  
000019e7  IntEnable                       
00001a59  IntDisable                      
00001acb  IntIsEnabled                    
00001b51  IntPendSet                      
00001bc1  IntPendClear                    
00001c0f  IntPriorityMaskSet              
00001c1b  IntPriorityMaskGet              
00001c23  IntTrigger                      
00001c59  pll_init                        
00001cd7  set_cpu_freq                    
00001d07  get_cpu_freq                    
00001d51  main                            
00001e45  systick_init                    
00001e61  systick_delay                   
00001e87  systick_delay_us                
00001ead  systick_delay_ms                
00001ee1  __aeabi_memcpy                  
00001ee1  __aeabi_memcpy4                 
00001ee1  __aeabi_memcpy8                 
00001ee1  memcpy                          
00001f7d  __aeabi_memclr                  
00001f7d  __aeabi_memclr4                 
00001f7d  __aeabi_memclr8                 
00001f7f  __aeabi_memset                  
00001f7f  __aeabi_memset4                 
00001f7f  __aeabi_memset8                 
00001f85  memset                          
00001ff9  __TI_auto_init                  
000020d1  _c_int00                        
00002121  copy_in                         
0000216d  C$$EXIT                         
00002171  abort                           
00002179  exit                            
000021b1  CPUcpsid                        
000021bd  CPUprimask                      
000021c7  CPUcpsie                        
000021d3  CPUwfi                          
000021d7  CPUbasepriSet                   
000021e5  CPUbasepriGet                   
000021f1  _args_main                      
00002209  _register_unlock                
0000220f  _register_lock                  
00002217  _nop                            
0000221d  __TI_decompress_none            
0000222b  __TI_zero_init                  
00002237  ResetISR                        
00002243  SysCtlDelay                     
00002249  __TI_decompress_rle24           
0000224f  _system_pre_init                
00002254  Longhorn2                       
0000244c  Longhorn                        
00002aec  Masks                           
00002b10  __TI_Handler_Table_Base         
00002b1c  __TI_Handler_Table_Limit        
00002b30  __TI_CINIT_Base                 
00002b48  __TI_CINIT_Limit                
20000000  g_pfnRAMVectors                 
2000026c  __stack                         
2000046c  Screen                          
2000046c  __STACK_END                     
2000046c  __STACK_TOP                     
20000664  cpu_freq                        
20000668  _lock                           
2000066c  _unlock                         
20000670  __TI_cleanup_ptr                
20000674  __TI_dtors_ptr                  
20000678  main_func_sp                    
ffffffff  __binit__                       
ffffffff  __c_args__                      
ffffffff  binit                           
UNDEFED   SHT$$INIT_ARRAY$$Base           
UNDEFED   SHT$$INIT_ARRAY$$Limit          

[149 symbols]
