******************************************************************************
                  TI ARM Linker PC v5.2.3                      
******************************************************************************
>> Linked Sun Mar 22 13:44:00 2015

OUTPUT FILE NAME:   <Nokia.out>
ENTRY POINT SYMBOL: "_c_int00"  address: 00000d55


MEMORY CONFIGURATION

         name            origin    length      used     unused   attr    fill
----------------------  --------  ---------  --------  --------  ----  --------
  FLASH                 00000000   00040000  000014ac  0003eb54  R  X
  SRAM                  20000000   00008000  0000040c  00007bf4  RW X


SEGMENT ALLOCATION MAP

run origin  load origin   length   init length attrs members
----------  ----------- ---------- ----------- ----- -------
00000000    00000000    000014b0   000014b0    r-x
  00000000    00000000    0000026c   0000026c    r-- .intvecs
  00000270    00000270    00000c30   00000c30    r-x .text
  00000ea0    00000ea0    000005d8   000005d8    r-- .const
  00001478    00001478    00000038   00000038    r-- .cinit
20000000    20000000    0000040c   00000000    rw-
  20000000    20000000    00000200   00000000    rw- .stack
  20000200    20000200    000001f8   00000000    rw- .bss
  200003f8    200003f8    00000014   00000000    rw- .data


SECTION ALLOCATION MAP

 output                                  attributes/
section   page    origin      length       input sections
--------  ----  ----------  ----------   ----------------
.intvecs   0    00000000    0000026c     
                  00000000    0000026c     tm4c123gh6pm_startup_ccs.obj (.intvecs)

.text      0    00000270    00000c30     
                  00000270    00000788     Nokia5110.obj (.text)
                  000009f8    000000e8     Nokia5110TestMain.obj (.text)
                  00000ae0    0000009c     rtsv7M4_T_le_v4SPD16_eabi.lib : memcpy_t2.obj (.text)
                  00000b7c    00000004                                   : pre_init.obj (.text)
                  00000b80    00000080     PLL.obj (.text)
                  00000c00    0000007a     rtsv7M4_T_le_v4SPD16_eabi.lib : memset_t2.obj (.text)
                  00000c7a    00000002     --HOLE-- [fill = 0]
                  00000c7c    0000006c                                   : autoinit.obj (.text)
                  00000ce8    0000006a                                   : copy_decompress_rle.obj (.text)
                  00000d52    00000002     --HOLE-- [fill = 0]
                  00000d54    00000050                                   : boot.obj (.text)
                  00000da4    0000004c                                   : cpy_tbl.obj (.text)
                  00000df0    00000044                                   : exit.obj (.text)
                  00000e34    00000004     --HOLE-- [fill = 0]
                  00000e38    0000001a     tm4c123gh6pm_startup_ccs.obj (.text)
                  00000e52    00000002     --HOLE-- [fill = 0]
                  00000e54    00000018     rtsv7M4_T_le_v4SPD16_eabi.lib : args_main.obj (.text)
                  00000e6c    00000014                                   : _lock.obj (.text)
                  00000e80    0000000e                                   : copy_decompress_none.obj (.text:decompress:none)
                  00000e8e    0000000c                                   : copy_zero_init.obj (.text:decompress:ZI)
                  00000e9a    00000006                                   : copy_decompress_rle.obj (.text:decompress:rle24)

.const     0    00000ea0    000005d8     
                  00000ea0    000001f8     Nokia5110TestMain.obj (.const:.string:Longhorn2)
                  00001098    000001f8     Nokia5110TestMain.obj (.const:.string:Longhorn)
                  00001290    000001e0     Nokia5110.obj (.const:ASCII)
                  00001470    00000008     Nokia5110.obj (.const:.string)

.cinit     0    00001478    00000038     
                  00001478    0000000f     (.cinit..data.load) [load image, compression = rle]
                  00001487    00000001     --HOLE-- [fill = 0]
                  00001488    0000000c     (__TI_handler_table)
                  00001494    00000004     --HOLE-- [fill = 0]
                  00001498    00000008     (.cinit..bss.load) [load image, compression = zero_init]
                  000014a0    00000010     (__TI_cinit_table)

.init_array 
*          0    00000000    00000000     UNINITIALIZED

.stack     0    20000000    00000200     UNINITIALIZED
                  20000000    00000200     --HOLE--

.bss       0    20000200    000001f8     UNINITIALIZED
                  20000200    000001f8     Nokia5110.obj (.bss:Screen)

.TI.noinit 
*          0    20000200    00000000     UNINITIALIZED

.data      0    200003f8    00000014     UNINITIALIZED
                  200003f8    00000008     rtsv7M4_T_le_v4SPD16_eabi.lib : _lock.obj (.data)
                  20000400    00000008                                   : exit.obj (.data)
                  20000408    00000004                                   : stkdepth_vars.obj (.data)

.TI.persistent 
*          0    200003f8    00000000     UNINITIALIZED


LINKER GENERATED COPY TABLES

__TI_cinit_table @ 000014a0 records: 2, size/record: 8, table size: 16
	.data: load addr=00001478, load size=0000000f bytes, run addr=200003f8, run size=00000014 bytes, compression=rle
	.bss: load addr=00001498, load size=00000008 bytes, run addr=20000200, run size=000001f8 bytes, compression=zero_init


LINKER GENERATED HANDLER TABLE

__TI_handler_table @ 00001488 records: 3, size/record: 4, table size: 12
	index: 0, handler: __TI_decompress_rle24
	index: 1, handler: __TI_decompress_none
	index: 2, handler: __TI_zero_init


GLOBAL SYMBOLS: SORTED ALPHABETICALLY BY Name 

address   name                    
-------   ----                    
00000df1  C$$EXIT                 
000009f9  Delay                   
00001098  Longhorn                
00000ea0  Longhorn2               
00001470  Masks                   
000006f9  Nokia5110_Clear         
00000961  Nokia5110_ClearBuffer   
000009a1  Nokia5110_ClrPxl        
00000991  Nokia5110_DisplayBuffer 
00000729  Nokia5110_DrawFullImage 
000002f9  Nokia5110_Init          
00000419  Nokia5110_OutChar       
00000461  Nokia5110_OutString     
000004b1  Nokia5110_OutUDec       
00000771  Nokia5110_PrintBMP      
000006b1  Nokia5110_SetCursor     
000009c9  Nokia5110_SetPxl        
00000b81  PLL_Init                
00000e39  ResetISR                
UNDEFED   SHT$$INIT_ARRAY$$Base   
UNDEFED   SHT$$INIT_ARRAY$$Limit  
20000200  Screen                  
20000200  __STACK_END             
00000200  __STACK_SIZE            
20000200  __STACK_TOP             
000014a0  __TI_CINIT_Base         
000014b0  __TI_CINIT_Limit        
00001488  __TI_Handler_Table_Base 
00001494  __TI_Handler_Table_Limit
00000c7d  __TI_auto_init          
20000400  __TI_cleanup_ptr        
00000e81  __TI_decompress_none    
00000e9b  __TI_decompress_rle24   
20000404  __TI_dtors_ptr          
00000000  __TI_static_base__      
00000e8f  __TI_zero_init          
00000c01  __aeabi_memclr          
00000c01  __aeabi_memclr4         
00000c01  __aeabi_memclr8         
00000ae1  __aeabi_memcpy          
00000ae1  __aeabi_memcpy4         
00000ae1  __aeabi_memcpy8         
00000c03  __aeabi_memset          
00000c03  __aeabi_memset4         
00000c03  __aeabi_memset8         
ffffffff  __binit__               
ffffffff  __c_args__              
20000000  __stack                 
00000e55  _args_main              
00000d55  _c_int00                
200003f8  _lock                   
00000e7b  _nop                    
00000e73  _register_lock          
00000e6d  _register_unlock        
00000b7d  _system_pre_init        
200003fc  _unlock                 
00000df5  abort                   
ffffffff  binit                   
00000da5  copy_in                 
00000dfd  exit                    
00000000  g_pfnVectors            
00000a09  main                    
20000408  main_func_sp            
00000ae1  memcpy                  
00000c09  memset                  


GLOBAL SYMBOLS: SORTED BY Symbol Address 

address   name                    
-------   ----                    
00000000  __TI_static_base__      
00000000  g_pfnVectors            
00000200  __STACK_SIZE            
000002f9  Nokia5110_Init          
00000419  Nokia5110_OutChar       
00000461  Nokia5110_OutString     
000004b1  Nokia5110_OutUDec       
000006b1  Nokia5110_SetCursor     
000006f9  Nokia5110_Clear         
00000729  Nokia5110_DrawFullImage 
00000771  Nokia5110_PrintBMP      
00000961  Nokia5110_ClearBuffer   
00000991  Nokia5110_DisplayBuffer 
000009a1  Nokia5110_ClrPxl        
000009c9  Nokia5110_SetPxl        
000009f9  Delay                   
00000a09  main                    
00000ae1  __aeabi_memcpy          
00000ae1  __aeabi_memcpy4         
00000ae1  __aeabi_memcpy8         
00000ae1  memcpy                  
00000b7d  _system_pre_init        
00000b81  PLL_Init                
00000c01  __aeabi_memclr          
00000c01  __aeabi_memclr4         
00000c01  __aeabi_memclr8         
00000c03  __aeabi_memset          
00000c03  __aeabi_memset4         
00000c03  __aeabi_memset8         
00000c09  memset                  
00000c7d  __TI_auto_init          
00000d55  _c_int00                
00000da5  copy_in                 
00000df1  C$$EXIT                 
00000df5  abort                   
00000dfd  exit                    
00000e39  ResetISR                
00000e55  _args_main              
00000e6d  _register_unlock        
00000e73  _register_lock          
00000e7b  _nop                    
00000e81  __TI_decompress_none    
00000e8f  __TI_zero_init          
00000e9b  __TI_decompress_rle24   
00000ea0  Longhorn2               
00001098  Longhorn                
00001470  Masks                   
00001488  __TI_Handler_Table_Base 
00001494  __TI_Handler_Table_Limit
000014a0  __TI_CINIT_Base         
000014b0  __TI_CINIT_Limit        
20000000  __stack                 
20000200  Screen                  
20000200  __STACK_END             
20000200  __STACK_TOP             
200003f8  _lock                   
200003fc  _unlock                 
20000400  __TI_cleanup_ptr        
20000404  __TI_dtors_ptr          
20000408  main_func_sp            
ffffffff  __binit__               
ffffffff  __c_args__              
ffffffff  binit                   
UNDEFED   SHT$$INIT_ARRAY$$Base   
UNDEFED   SHT$$INIT_ARRAY$$Limit  

[65 symbols]
