******************************************************************************
                  TI ARM Linker PC v5.2.3                      
******************************************************************************
>> Linked Sun Mar 15 00:31:54 2015

OUTPUT FILE NAME:   <LCD_Test.out>
ENTRY POINT SYMBOL: "_c_int00"  address: 00000865


MEMORY CONFIGURATION

         name            origin    length      used     unused   attr    fill
----------------------  --------  ---------  --------  --------  ----  --------
  FLASH                 00000000   00040000  000009d8  0003f628  R  X
  SRAM                  20000000   00008000  00000218  00007de8  RW X


SEGMENT ALLOCATION MAP

run origin  load origin   length   init length attrs members
----------  ----------- ---------- ----------- ----- -------
00000000    00000000    000009d8   000009d8    r-x
  00000000    00000000    0000026c   0000026c    r-- .intvecs
  0000026c    0000026c    00000734   00000734    r-x .text
  000009a0    000009a0    00000038   00000038    r-- .cinit
20000000    20000000    00000218   00000000    rw-
  20000000    20000000    00000200   00000000    rw- .stack
  20000200    20000200    00000014   00000000    rw- .data
  20000214    20000214    00000004   00000000    rw- .bss


SECTION ALLOCATION MAP

 output                                  attributes/
section   page    origin      length       input sections
--------  ----  ----------  ----------   ----------------
.intvecs   0    00000000    0000026c     
                  00000000    0000026c     tm4c123gh6pm_startup_ccs.obj (.intvecs)

.text      0    0000026c    00000734     
                  0000026c    00000210     lcd_1602_lm4f.obj (.text)
                  0000047c    000000f8     pll.obj (.text)
                  00000574    0000009c     systick.obj (.text)
                  00000610    0000009c     rtsv7M4_T_le_v4SPD16_eabi.lib : memcpy_t2.obj (.text)
                  000006ac    0000007a                                   : memset_t2.obj (.text)
                  00000726    00000002     --HOLE-- [fill = 0]
                  00000728    0000006c                                   : autoinit.obj (.text)
                  00000794    0000006a                                   : copy_decompress_rle.obj (.text)
                  000007fe    00000002     --HOLE-- [fill = 0]
                  00000800    00000064     main.obj (.text)
                  00000864    00000050     rtsv7M4_T_le_v4SPD16_eabi.lib : boot.obj (.text)
                  000008b4    0000004c                                   : cpy_tbl.obj (.text)
                  00000900    00000044                                   : exit.obj (.text)
                  00000944    00000018                                   : args_main.obj (.text)
                  0000095c    00000014                                   : _lock.obj (.text)
                  00000970    0000000e                                   : copy_decompress_none.obj (.text:decompress:none)
                  0000097e    0000000c                                   : copy_zero_init.obj (.text:decompress:ZI)
                  0000098a    0000000c     tm4c123gh6pm_startup_ccs.obj (.text)
                  00000996    00000006     rtsv7M4_T_le_v4SPD16_eabi.lib : copy_decompress_rle.obj (.text:decompress:rle24)
                  0000099c    00000004                                   : pre_init.obj (.text)

.cinit     0    000009a0    00000038     
                  000009a0    0000000f     (.cinit..data.load) [load image, compression = rle]
                  000009af    00000001     --HOLE-- [fill = 0]
                  000009b0    0000000c     (__TI_handler_table)
                  000009bc    00000004     --HOLE-- [fill = 0]
                  000009c0    00000008     (.cinit..bss.load) [load image, compression = zero_init]
                  000009c8    00000010     (__TI_cinit_table)

.init_array 
*          0    00000000    00000000     UNINITIALIZED

.stack     0    20000000    00000200     UNINITIALIZED
                  20000000    00000200     --HOLE--

.data      0    20000200    00000014     UNINITIALIZED
                  20000200    00000008     rtsv7M4_T_le_v4SPD16_eabi.lib : _lock.obj (.data)
                  20000208    00000008                                   : exit.obj (.data)
                  20000210    00000004                                   : stkdepth_vars.obj (.data)

.bss       0    20000214    00000004     UNINITIALIZED
                  20000214    00000004     (.common:cpu_freq)

.TI.persistent 
*          0    20000200    00000000     UNINITIALIZED

.TI.noinit 
*          0    20000214    00000000     UNINITIALIZED


LINKER GENERATED COPY TABLES

__TI_cinit_table @ 000009c8 records: 2, size/record: 8, table size: 16
	.data: load addr=000009a0, load size=0000000f bytes, run addr=20000200, run size=00000014 bytes, compression=rle
	.bss: load addr=000009c0, load size=00000008 bytes, run addr=20000214, run size=00000004 bytes, compression=zero_init


LINKER GENERATED HANDLER TABLE

__TI_handler_table @ 000009b0 records: 3, size/record: 4, table size: 12
	index: 0, handler: __TI_decompress_rle24
	index: 1, handler: __TI_decompress_none
	index: 2, handler: __TI_zero_init


GLOBAL SYMBOLS: SORTED ALPHABETICALLY BY Name 

address   name                    
-------   ----                    
00000901  C$$EXIT                 
0000098b  ResetISR                
UNDEFED   SHT$$INIT_ARRAY$$Base   
UNDEFED   SHT$$INIT_ARRAY$$Limit  
20000200  __STACK_END             
00000200  __STACK_SIZE            
20000200  __STACK_TOP             
000009c8  __TI_CINIT_Base         
000009d8  __TI_CINIT_Limit        
000009b0  __TI_Handler_Table_Base 
000009bc  __TI_Handler_Table_Limit
00000729  __TI_auto_init          
20000208  __TI_cleanup_ptr        
00000971  __TI_decompress_none    
00000997  __TI_decompress_rle24   
2000020c  __TI_dtors_ptr          
00000000  __TI_static_base__      
0000097f  __TI_zero_init          
000006ad  __aeabi_memclr          
000006ad  __aeabi_memclr4         
000006ad  __aeabi_memclr8         
00000611  __aeabi_memcpy          
00000611  __aeabi_memcpy4         
00000611  __aeabi_memcpy8         
000006af  __aeabi_memset          
000006af  __aeabi_memset4         
000006af  __aeabi_memset8         
ffffffff  __binit__               
ffffffff  __c_args__              
20000000  __stack                 
00000945  _args_main              
00000865  _c_int00                
20000200  _lock                   
0000096b  _nop                    
00000963  _register_lock          
0000095d  _register_unlock        
0000099d  _system_pre_init        
20000204  _unlock                 
00000905  abort                   
ffffffff  binit                   
000008b5  copy_in                 
20000214  cpu_freq                
0000090d  exit                    
00000000  g_pfnVectors            
0000052b  get_cpu_freq            
0000034d  lcd_goto                
00000397  lcd_init                
000002c7  lcd_komut               
0000026d  lcd_putch               
00000331  lcd_puts                
00000321  lcd_temizle             
00000801  main                    
20000210  main_func_sp            
00000611  memcpy                  
000006b5  memset                  
0000047d  pll_init                
000004fb  set_cpu_freq            
00000591  systick_delay           
000005dd  systick_delay_ms        
000005b7  systick_delay_us        
00000575  systick_init            


GLOBAL SYMBOLS: SORTED BY Symbol Address 

address   name                    
-------   ----                    
00000000  __TI_static_base__      
00000000  g_pfnVectors            
00000200  __STACK_SIZE            
0000026d  lcd_putch               
000002c7  lcd_komut               
00000321  lcd_temizle             
00000331  lcd_puts                
0000034d  lcd_goto                
00000397  lcd_init                
0000047d  pll_init                
000004fb  set_cpu_freq            
0000052b  get_cpu_freq            
00000575  systick_init            
00000591  systick_delay           
000005b7  systick_delay_us        
000005dd  systick_delay_ms        
00000611  __aeabi_memcpy          
00000611  __aeabi_memcpy4         
00000611  __aeabi_memcpy8         
00000611  memcpy                  
000006ad  __aeabi_memclr          
000006ad  __aeabi_memclr4         
000006ad  __aeabi_memclr8         
000006af  __aeabi_memset          
000006af  __aeabi_memset4         
000006af  __aeabi_memset8         
000006b5  memset                  
00000729  __TI_auto_init          
00000801  main                    
00000865  _c_int00                
000008b5  copy_in                 
00000901  C$$EXIT                 
00000905  abort                   
0000090d  exit                    
00000945  _args_main              
0000095d  _register_unlock        
00000963  _register_lock          
0000096b  _nop                    
00000971  __TI_decompress_none    
0000097f  __TI_zero_init          
0000098b  ResetISR                
00000997  __TI_decompress_rle24   
0000099d  _system_pre_init        
000009b0  __TI_Handler_Table_Base 
000009bc  __TI_Handler_Table_Limit
000009c8  __TI_CINIT_Base         
000009d8  __TI_CINIT_Limit        
20000000  __stack                 
20000200  __STACK_END             
20000200  __STACK_TOP             
20000200  _lock                   
20000204  _unlock                 
20000208  __TI_cleanup_ptr        
2000020c  __TI_dtors_ptr          
20000210  main_func_sp            
20000214  cpu_freq                
ffffffff  __binit__               
ffffffff  __c_args__              
ffffffff  binit                   
UNDEFED   SHT$$INIT_ARRAY$$Base   
UNDEFED   SHT$$INIT_ARRAY$$Limit  

[61 symbols]
