<?xml version="1.0"?>
<link_info>
   <banner>TI ARM Linker PC v5.2.3</banner>
   <copyright>Copyright (c) 1996-2015 Texas Instruments Incorporated</copyright>
   <link_time>0x55089968</link_time>
   <link_errors>0x0</link_errors>
   <output_file>LaunchPad.out</output_file>
   <entry_point>
      <name>_c_int00</name>
      <address>0x4e11</address>
   </entry_point>
   <input_file_list>
      <input_file id="fl-2">
         <path>.\</path>
         <kind>object</kind>
         <file>tm4c123gh6pm_startup_ccs.obj</file>
         <name>tm4c123gh6pm_startup_ccs.obj</name>
      </input_file>
      <input_file id="fl-3">
         <path>.\src\os\main\</path>
         <kind>object</kind>
         <file>main.obj</file>
         <name>main.obj</name>
      </input_file>
      <input_file id="fl-4">
         <path>.\src\bsw\srv\systick\</path>
         <kind>object</kind>
         <file>systick.obj</file>
         <name>systick.obj</name>
      </input_file>
      <input_file id="fl-5">
         <path>.\src\bsw\srv\pll\</path>
         <kind>object</kind>
         <file>pll.obj</file>
         <name>pll.obj</name>
      </input_file>
      <input_file id="fl-6">
         <path>.\src\bsw\srv\lcd\</path>
         <kind>object</kind>
         <file>lcd.obj</file>
         <name>lcd.obj</name>
      </input_file>
      <input_file id="fl-7">
         <path>.\src\bsw\srv\adm\</path>
         <kind>object</kind>
         <file>adm.obj</file>
         <name>adm.obj</name>
      </input_file>
      <input_file id="fl-8">
         <path>.\src\bsw\mcal\driverlib\</path>
         <kind>object</kind>
         <file>adc.obj</file>
         <name>adc.obj</name>
      </input_file>
      <input_file id="fl-9">
         <path>.\src\bsw\mcal\driverlib\</path>
         <kind>object</kind>
         <file>aes.obj</file>
         <name>aes.obj</name>
      </input_file>
      <input_file id="fl-a">
         <path>.\src\bsw\mcal\driverlib\</path>
         <kind>object</kind>
         <file>can.obj</file>
         <name>can.obj</name>
      </input_file>
      <input_file id="fl-b">
         <path>.\src\bsw\mcal\driverlib\</path>
         <kind>object</kind>
         <file>comp.obj</file>
         <name>comp.obj</name>
      </input_file>
      <input_file id="fl-c">
         <path>.\src\bsw\mcal\driverlib\</path>
         <kind>object</kind>
         <file>cpu.obj</file>
         <name>cpu.obj</name>
      </input_file>
      <input_file id="fl-d">
         <path>.\src\bsw\mcal\driverlib\</path>
         <kind>object</kind>
         <file>crc.obj</file>
         <name>crc.obj</name>
      </input_file>
      <input_file id="fl-e">
         <path>.\src\bsw\mcal\driverlib\</path>
         <kind>object</kind>
         <file>des.obj</file>
         <name>des.obj</name>
      </input_file>
      <input_file id="fl-f">
         <path>.\src\bsw\mcal\driverlib\</path>
         <kind>object</kind>
         <file>eeprom.obj</file>
         <name>eeprom.obj</name>
      </input_file>
      <input_file id="fl-10">
         <path>.\src\bsw\mcal\driverlib\</path>
         <kind>object</kind>
         <file>emac.obj</file>
         <name>emac.obj</name>
      </input_file>
      <input_file id="fl-11">
         <path>.\src\bsw\mcal\driverlib\</path>
         <kind>object</kind>
         <file>epi.obj</file>
         <name>epi.obj</name>
      </input_file>
      <input_file id="fl-12">
         <path>.\src\bsw\mcal\driverlib\</path>
         <kind>object</kind>
         <file>flash.obj</file>
         <name>flash.obj</name>
      </input_file>
      <input_file id="fl-13">
         <path>.\src\bsw\mcal\driverlib\</path>
         <kind>object</kind>
         <file>fpu.obj</file>
         <name>fpu.obj</name>
      </input_file>
      <input_file id="fl-14">
         <path>.\src\bsw\mcal\driverlib\</path>
         <kind>object</kind>
         <file>gpio.obj</file>
         <name>gpio.obj</name>
      </input_file>
      <input_file id="fl-15">
         <path>.\src\bsw\mcal\driverlib\</path>
         <kind>object</kind>
         <file>hibernate.obj</file>
         <name>hibernate.obj</name>
      </input_file>
      <input_file id="fl-16">
         <path>.\src\bsw\mcal\driverlib\</path>
         <kind>object</kind>
         <file>i2c.obj</file>
         <name>i2c.obj</name>
      </input_file>
      <input_file id="fl-17">
         <path>.\src\bsw\mcal\driverlib\</path>
         <kind>object</kind>
         <file>interrupt.obj</file>
         <name>interrupt.obj</name>
      </input_file>
      <input_file id="fl-18">
         <path>.\src\bsw\mcal\driverlib\</path>
         <kind>object</kind>
         <file>lcd.obj</file>
         <name>lcd.obj</name>
      </input_file>
      <input_file id="fl-19">
         <path>.\src\bsw\mcal\driverlib\</path>
         <kind>object</kind>
         <file>mpu.obj</file>
         <name>mpu.obj</name>
      </input_file>
      <input_file id="fl-1a">
         <path>.\src\bsw\mcal\driverlib\</path>
         <kind>object</kind>
         <file>pwm.obj</file>
         <name>pwm.obj</name>
      </input_file>
      <input_file id="fl-1b">
         <path>.\src\bsw\mcal\driverlib\</path>
         <kind>object</kind>
         <file>qei.obj</file>
         <name>qei.obj</name>
      </input_file>
      <input_file id="fl-1c">
         <path>.\src\bsw\mcal\driverlib\</path>
         <kind>object</kind>
         <file>shamd5.obj</file>
         <name>shamd5.obj</name>
      </input_file>
      <input_file id="fl-1d">
         <path>.\src\bsw\mcal\driverlib\</path>
         <kind>object</kind>
         <file>ssi.obj</file>
         <name>ssi.obj</name>
      </input_file>
      <input_file id="fl-1e">
         <path>.\src\bsw\mcal\driverlib\</path>
         <kind>object</kind>
         <file>sw_crc.obj</file>
         <name>sw_crc.obj</name>
      </input_file>
      <input_file id="fl-1f">
         <path>.\src\bsw\mcal\driverlib\</path>
         <kind>object</kind>
         <file>sysctl.obj</file>
         <name>sysctl.obj</name>
      </input_file>
      <input_file id="fl-20">
         <path>.\src\bsw\mcal\driverlib\</path>
         <kind>object</kind>
         <file>sysexc.obj</file>
         <name>sysexc.obj</name>
      </input_file>
      <input_file id="fl-21">
         <path>.\src\bsw\mcal\driverlib\</path>
         <kind>object</kind>
         <file>systick.obj</file>
         <name>systick.obj</name>
      </input_file>
      <input_file id="fl-22">
         <path>.\src\bsw\mcal\driverlib\</path>
         <kind>object</kind>
         <file>timer.obj</file>
         <name>timer.obj</name>
      </input_file>
      <input_file id="fl-23">
         <path>.\src\bsw\mcal\driverlib\</path>
         <kind>object</kind>
         <file>uart.obj</file>
         <name>uart.obj</name>
      </input_file>
      <input_file id="fl-24">
         <path>.\src\bsw\mcal\driverlib\</path>
         <kind>object</kind>
         <file>udma.obj</file>
         <name>udma.obj</name>
      </input_file>
      <input_file id="fl-25">
         <path>.\src\bsw\mcal\driverlib\</path>
         <kind>object</kind>
         <file>usb.obj</file>
         <name>usb.obj</name>
      </input_file>
      <input_file id="fl-26">
         <path>.\src\bsw\mcal\driverlib\</path>
         <kind>object</kind>
         <file>watchdog.obj</file>
         <name>watchdog.obj</name>
      </input_file>
      <input_file id="fl-27">
         <path>.\src\bsw\mcal\cfg\</path>
         <kind>object</kind>
         <file>pin.obj</file>
         <name>pin.obj</name>
      </input_file>
      <input_file id="fl-14d">
         <path>C:\ti\ccsv6\tools\compiler\ti-cgt-arm_5.2.3\lib\</path>
         <kind>archive</kind>
         <file>rtsv7M4_T_le_v4SPD16_eabi.lib</file>
         <name>boot.obj</name>
      </input_file>
      <input_file id="fl-14e">
         <path>C:\ti\ccsv6\tools\compiler\ti-cgt-arm_5.2.3\lib\</path>
         <kind>archive</kind>
         <file>rtsv7M4_T_le_v4SPD16_eabi.lib</file>
         <name>copy_decompress_none.obj</name>
      </input_file>
      <input_file id="fl-14f">
         <path>C:\ti\ccsv6\tools\compiler\ti-cgt-arm_5.2.3\lib\</path>
         <kind>archive</kind>
         <file>rtsv7M4_T_le_v4SPD16_eabi.lib</file>
         <name>copy_decompress_rle.obj</name>
      </input_file>
      <input_file id="fl-150">
         <path>C:\ti\ccsv6\tools\compiler\ti-cgt-arm_5.2.3\lib\</path>
         <kind>archive</kind>
         <file>rtsv7M4_T_le_v4SPD16_eabi.lib</file>
         <name>copy_zero_init.obj</name>
      </input_file>
      <input_file id="fl-151">
         <path>C:\ti\ccsv6\tools\compiler\ti-cgt-arm_5.2.3\lib\</path>
         <kind>archive</kind>
         <file>rtsv7M4_T_le_v4SPD16_eabi.lib</file>
         <name>exit.obj</name>
      </input_file>
      <input_file id="fl-152">
         <path>C:\ti\ccsv6\tools\compiler\ti-cgt-arm_5.2.3\lib\</path>
         <kind>archive</kind>
         <file>rtsv7M4_T_le_v4SPD16_eabi.lib</file>
         <name>fd_add_t2.obj</name>
      </input_file>
      <input_file id="fl-153">
         <path>C:\ti\ccsv6\tools\compiler\ti-cgt-arm_5.2.3\lib\</path>
         <kind>archive</kind>
         <file>rtsv7M4_T_le_v4SPD16_eabi.lib</file>
         <name>fd_div_t2.obj</name>
      </input_file>
      <input_file id="fl-154">
         <path>C:\ti\ccsv6\tools\compiler\ti-cgt-arm_5.2.3\lib\</path>
         <kind>archive</kind>
         <file>rtsv7M4_T_le_v4SPD16_eabi.lib</file>
         <name>fd_mul_t2.obj</name>
      </input_file>
      <input_file id="fl-155">
         <path>C:\ti\ccsv6\tools\compiler\ti-cgt-arm_5.2.3\lib\</path>
         <kind>archive</kind>
         <file>rtsv7M4_T_le_v4SPD16_eabi.lib</file>
         <name>fd_toi_t2.obj</name>
      </input_file>
      <input_file id="fl-156">
         <path>C:\ti\ccsv6\tools\compiler\ti-cgt-arm_5.2.3\lib\</path>
         <kind>archive</kind>
         <file>rtsv7M4_T_le_v4SPD16_eabi.lib</file>
         <name>fd_tos_t2.obj</name>
      </input_file>
      <input_file id="fl-157">
         <path>C:\ti\ccsv6\tools\compiler\ti-cgt-arm_5.2.3\lib\</path>
         <kind>archive</kind>
         <file>rtsv7M4_T_le_v4SPD16_eabi.lib</file>
         <name>fs_tod_t2.obj</name>
      </input_file>
      <input_file id="fl-158">
         <path>C:\ti\ccsv6\tools\compiler\ti-cgt-arm_5.2.3\lib\</path>
         <kind>archive</kind>
         <file>rtsv7M4_T_le_v4SPD16_eabi.lib</file>
         <name>i_tofd_t2.obj</name>
      </input_file>
      <input_file id="fl-159">
         <path>C:\ti\ccsv6\tools\compiler\ti-cgt-arm_5.2.3\lib\</path>
         <kind>archive</kind>
         <file>rtsv7M4_T_le_v4SPD16_eabi.lib</file>
         <name>memcpy_t2.obj</name>
      </input_file>
      <input_file id="fl-15a">
         <path>C:\ti\ccsv6\tools\compiler\ti-cgt-arm_5.2.3\lib\</path>
         <kind>archive</kind>
         <file>rtsv7M4_T_le_v4SPD16_eabi.lib</file>
         <name>memset_t2.obj</name>
      </input_file>
      <input_file id="fl-15b">
         <path>C:\ti\ccsv6\tools\compiler\ti-cgt-arm_5.2.3\lib\</path>
         <kind>archive</kind>
         <file>rtsv7M4_T_le_v4SPD16_eabi.lib</file>
         <name>pre_init.obj</name>
      </input_file>
      <input_file id="fl-15c">
         <path>C:\ti\ccsv6\tools\compiler\ti-cgt-arm_5.2.3\lib\</path>
         <kind>archive</kind>
         <file>rtsv7M4_T_le_v4SPD16_eabi.lib</file>
         <name>sprintf.obj</name>
      </input_file>
      <input_file id="fl-15d">
         <path>C:\ti\ccsv6\tools\compiler\ti-cgt-arm_5.2.3\lib\</path>
         <kind>archive</kind>
         <file>rtsv7M4_T_le_v4SPD16_eabi.lib</file>
         <name>stkdepth_vars.obj</name>
      </input_file>
      <input_file id="fl-15e">
         <path>C:\ti\ccsv6\tools\compiler\ti-cgt-arm_5.2.3\lib\</path>
         <kind>archive</kind>
         <file>rtsv7M4_T_le_v4SPD16_eabi.lib</file>
         <name>u_tofd_t2.obj</name>
      </input_file>
      <input_file id="fl-15f">
         <path>C:\ti\ccsv6\tools\compiler\ti-cgt-arm_5.2.3\lib\</path>
         <kind>archive</kind>
         <file>rtsv7M4_T_le_v4SPD16_eabi.lib</file>
         <name>_lock.obj</name>
      </input_file>
      <input_file id="fl-160">
         <path>C:\ti\ccsv6\tools\compiler\ti-cgt-arm_5.2.3\lib\</path>
         <kind>archive</kind>
         <file>rtsv7M4_T_le_v4SPD16_eabi.lib</file>
         <name>_printfi.obj</name>
      </input_file>
      <input_file id="fl-161">
         <path>C:\ti\ccsv6\tools\compiler\ti-cgt-arm_5.2.3\lib\</path>
         <kind>archive</kind>
         <file>rtsv7M4_T_le_v4SPD16_eabi.lib</file>
         <name>args_main.obj</name>
      </input_file>
      <input_file id="fl-162">
         <path>C:\ti\ccsv6\tools\compiler\ti-cgt-arm_5.2.3\lib\</path>
         <kind>archive</kind>
         <file>rtsv7M4_T_le_v4SPD16_eabi.lib</file>
         <name>atoi.obj</name>
      </input_file>
      <input_file id="fl-163">
         <path>C:\ti\ccsv6\tools\compiler\ti-cgt-arm_5.2.3\lib\</path>
         <kind>archive</kind>
         <file>rtsv7M4_T_le_v4SPD16_eabi.lib</file>
         <name>autoinit.obj</name>
      </input_file>
      <input_file id="fl-164">
         <path>C:\ti\ccsv6\tools\compiler\ti-cgt-arm_5.2.3\lib\</path>
         <kind>archive</kind>
         <file>rtsv7M4_T_le_v4SPD16_eabi.lib</file>
         <name>cpy_tbl.obj</name>
      </input_file>
      <input_file id="fl-165">
         <path>C:\ti\ccsv6\tools\compiler\ti-cgt-arm_5.2.3\lib\</path>
         <kind>archive</kind>
         <file>rtsv7M4_T_le_v4SPD16_eabi.lib</file>
         <name>ctype.obj</name>
      </input_file>
      <input_file id="fl-166">
         <path>C:\ti\ccsv6\tools\compiler\ti-cgt-arm_5.2.3\lib\</path>
         <kind>archive</kind>
         <file>rtsv7M4_T_le_v4SPD16_eabi.lib</file>
         <name>fd_cmp_t2.obj</name>
      </input_file>
      <input_file id="fl-167">
         <path>C:\ti\ccsv6\tools\compiler\ti-cgt-arm_5.2.3\lib\</path>
         <kind>archive</kind>
         <file>rtsv7M4_T_le_v4SPD16_eabi.lib</file>
         <name>frexp.obj</name>
      </input_file>
      <input_file id="fl-168">
         <path>C:\ti\ccsv6\tools\compiler\ti-cgt-arm_5.2.3\lib\</path>
         <kind>archive</kind>
         <file>rtsv7M4_T_le_v4SPD16_eabi.lib</file>
         <name>ldexp.obj</name>
      </input_file>
      <input_file id="fl-169">
         <path>C:\ti\ccsv6\tools\compiler\ti-cgt-arm_5.2.3\lib\</path>
         <kind>archive</kind>
         <file>rtsv7M4_T_le_v4SPD16_eabi.lib</file>
         <name>ltoa.obj</name>
      </input_file>
      <input_file id="fl-16a">
         <path>C:\ti\ccsv6\tools\compiler\ti-cgt-arm_5.2.3\lib\</path>
         <kind>archive</kind>
         <file>rtsv7M4_T_le_v4SPD16_eabi.lib</file>
         <name>memccpy.obj</name>
      </input_file>
      <input_file id="fl-16b">
         <path>C:\ti\ccsv6\tools\compiler\ti-cgt-arm_5.2.3\lib\</path>
         <kind>archive</kind>
         <file>rtsv7M4_T_le_v4SPD16_eabi.lib</file>
         <name>strchr.obj</name>
      </input_file>
      <input_file id="fl-16c">
         <path>C:\ti\ccsv6\tools\compiler\ti-cgt-arm_5.2.3\lib\</path>
         <kind>archive</kind>
         <file>rtsv7M4_T_le_v4SPD16_eabi.lib</file>
         <name>strlen.obj</name>
      </input_file>
      <input_file id="fl-16d">
         <path>C:\ti\ccsv6\tools\compiler\ti-cgt-arm_5.2.3\lib\</path>
         <kind>archive</kind>
         <file>rtsv7M4_T_le_v4SPD16_eabi.lib</file>
         <name>ull_div_t2.obj</name>
      </input_file>
      <input_file id="fl-16e">
         <path>C:\ti\ccsv6\tools\compiler\ti-cgt-arm_5.2.3\lib\</path>
         <kind>archive</kind>
         <file>rtsv7M4_T_le_v4SPD16_eabi.lib</file>
         <name>xdclass.obj</name>
      </input_file>
      <input_file id="fl-16f">
         <path>C:\ti\ccsv6\tools\compiler\ti-cgt-arm_5.2.3\lib\</path>
         <kind>archive</kind>
         <file>rtsv7M4_T_le_v4SPD16_eabi.lib</file>
         <name>xdscale.obj</name>
      </input_file>
      <input_file id="fl-170">
         <path>C:\ti\ccsv6\tools\compiler\ti-cgt-arm_5.2.3\lib\</path>
         <kind>archive</kind>
         <file>rtsv7M4_T_le_v4SPD16_eabi.lib</file>
         <name>xdunscal.obj</name>
      </input_file>
      <input_file id="fl-171">
         <path>C:\ti\ccsv6\tools\compiler\ti-cgt-arm_5.2.3\lib\</path>
         <kind>archive</kind>
         <file>rtsv7M4_T_le_v4SPD16_eabi.lib</file>
         <name>xferaise.obj</name>
      </input_file>
      <input_file id="fl-172">
         <path>C:\ti\ccsv6\tools\compiler\ti-cgt-arm_5.2.3\lib\</path>
         <kind>archive</kind>
         <file>rtsv7M4_T_le_v4SPD16_eabi.lib</file>
         <name>xvalues.obj</name>
      </input_file>
      <input_file id="fl-173">
         <path>C:\ti\ccsv6\tools\compiler\ti-cgt-arm_5.2.3\lib\</path>
         <kind>archive</kind>
         <file>rtsv7M4_T_le_v4SPD16_eabi.lib</file>
         <name>errno.obj</name>
      </input_file>
      <input_file id="fl-174">
         <path>C:\ti\ccsv6\tools\compiler\ti-cgt-arm_5.2.3\lib\</path>
         <kind>archive</kind>
         <file>rtsv7M4_T_le_v4SPD16_eabi.lib</file>
         <name>feraiseexcept.obj</name>
      </input_file>
      <input_file id="fl-175">
         <path>C:\ti\ccsv6\tools\compiler\ti-cgt-arm_5.2.3\lib\</path>
         <kind>archive</kind>
         <file>rtsv7M4_T_le_v4SPD16_eabi.lib</file>
         <name>raise.obj</name>
      </input_file>
      <input_file id="fl-176">
         <path>C:\ti\ccsv6\tools\compiler\ti-cgt-arm_5.2.3\lib\</path>
         <kind>archive</kind>
         <file>rtsv7M4_T_le_v4SPD16_eabi.lib</file>
         <name>signal.obj</name>
      </input_file>
      <input_file id="fl-177">
         <path>C:\ti\ccsv6\tools\compiler\ti-cgt-arm_5.2.3\lib\</path>
         <kind>archive</kind>
         <file>rtsv7M4_T_le_v4SPD16_eabi.lib</file>
         <name>xdnorm.obj</name>
      </input_file>
   </input_file_list>
   <object_component_list>
      <object_component id="oc-f">
         <name>.intvecs</name>
         <load_address>0x0</load_address>
         <run_address>0x0</run_address>
         <size>0x26c</size>
         <input_file_ref idref="fl-2"/>
      </object_component>
      <object_component id="oc-17d">
         <name>.text</name>
         <load_address>0x26c</load_address>
         <run_address>0x26c</run_address>
         <size>0x10ba</size>
         <input_file_ref idref="fl-160"/>
      </object_component>
      <object_component id="oc-be">
         <name>.text</name>
         <load_address>0x1328</load_address>
         <run_address>0x1328</run_address>
         <size>0xf00</size>
         <input_file_ref idref="fl-1f"/>
      </object_component>
      <object_component id="oc-e2">
         <name>.text</name>
         <load_address>0x2228</load_address>
         <run_address>0x2228</run_address>
         <size>0xb98</size>
         <input_file_ref idref="fl-14"/>
      </object_component>
      <object_component id="oc-162">
         <name>.text</name>
         <load_address>0x2dc0</load_address>
         <run_address>0x2dc0</run_address>
         <size>0x7c4</size>
         <input_file_ref idref="fl-8"/>
      </object_component>
      <object_component id="oc-13f">
         <name>.text</name>
         <load_address>0x3584</load_address>
         <run_address>0x3584</run_address>
         <size>0x3c0</size>
         <input_file_ref idref="fl-17"/>
      </object_component>
      <object_component id="oc-9d">
         <name>.text</name>
         <load_address>0x3944</load_address>
         <run_address>0x3944</run_address>
         <size>0x2a8</size>
         <input_file_ref idref="fl-3"/>
      </object_component>
      <object_component id="oc-d0">
         <name>.text</name>
         <load_address>0x3bec</load_address>
         <run_address>0x3bec</run_address>
         <size>0x280</size>
         <input_file_ref idref="fl-27"/>
      </object_component>
      <object_component id="oc-1c2">
         <name>.text</name>
         <load_address>0x3e6c</load_address>
         <run_address>0x3e6c</run_address>
         <size>0x1f4</size>
         <input_file_ref idref="fl-16d"/>
      </object_component>
      <object_component id="oc-f7">
         <name>.text</name>
         <load_address>0x4060</load_address>
         <run_address>0x4060</run_address>
         <size>0x1b6</size>
         <input_file_ref idref="fl-152"/>
      </object_component>
      <object_component id="oc-d6">
         <name>.text</name>
         <load_address>0x4218</load_address>
         <run_address>0x4218</run_address>
         <size>0x16c</size>
         <input_file_ref idref="fl-6"/>
      </object_component>
      <object_component id="oc-f2">
         <name>.text</name>
         <load_address>0x4384</load_address>
         <run_address>0x4384</run_address>
         <size>0x136</size>
         <input_file_ref idref="fl-153"/>
      </object_component>
      <object_component id="oc-22d">
         <name>.text</name>
         <load_address>0x44bc</load_address>
         <run_address>0x44bc</run_address>
         <size>0x110</size>
         <input_file_ref idref="fl-16f"/>
      </object_component>
      <object_component id="oc-ed">
         <name>.text</name>
         <load_address>0x45cc</load_address>
         <run_address>0x45cc</run_address>
         <size>0xfc</size>
         <input_file_ref idref="fl-154"/>
      </object_component>
      <object_component id="oc-ca">
         <name>.text</name>
         <load_address>0x46c8</load_address>
         <run_address>0x46c8</run_address>
         <size>0xf8</size>
         <input_file_ref idref="fl-5"/>
      </object_component>
      <object_component id="oc-251">
         <name>.text</name>
         <load_address>0x47c0</load_address>
         <run_address>0x47c0</run_address>
         <size>0xbe</size>
         <input_file_ref idref="fl-177"/>
      </object_component>
      <object_component id="oc-c4">
         <name>.text</name>
         <load_address>0x4880</load_address>
         <run_address>0x4880</run_address>
         <size>0x9c</size>
         <input_file_ref idref="fl-4"/>
      </object_component>
      <object_component id="oc-33">
         <name>.text</name>
         <load_address>0x491c</load_address>
         <run_address>0x491c</run_address>
         <size>0x9c</size>
         <input_file_ref idref="fl-159"/>
      </object_component>
      <object_component id="oc-dc">
         <name>.text</name>
         <load_address>0x49b8</load_address>
         <run_address>0x49b8</run_address>
         <size>0x8c</size>
         <input_file_ref idref="fl-7"/>
      </object_component>
      <object_component id="oc-1cd">
         <name>.text:__aeabi_cdcmple</name>
         <load_address>0x4a44</load_address>
         <run_address>0x4a44</run_address>
         <size>0x86</size>
         <input_file_ref idref="fl-166"/>
      </object_component>
      <object_component id="oc-1d2">
         <name>.text:__aeabi_cdrcmple</name>
         <load_address>0x4aca</load_address>
         <run_address>0x4aca</run_address>
         <size>0x86</size>
         <input_file_ref idref="fl-166"/>
      </object_component>
      <object_component id="oc-4c">
         <name>.text</name>
         <load_address>0x4b50</load_address>
         <run_address>0x4b50</run_address>
         <size>0x7a</size>
         <input_file_ref idref="fl-15a"/>
      </object_component>
      <object_component id="oc-5e">
         <name>.text</name>
         <load_address>0x4bcc</load_address>
         <run_address>0x4bcc</run_address>
         <size>0x6c</size>
         <input_file_ref idref="fl-163"/>
      </object_component>
      <object_component id="oc-3f">
         <name>.text</name>
         <load_address>0x4c38</load_address>
         <run_address>0x4c38</run_address>
         <size>0x6a</size>
         <input_file_ref idref="fl-14f"/>
      </object_component>
      <object_component id="oc-225">
         <name>.text</name>
         <load_address>0x4ca2</load_address>
         <run_address>0x4ca2</run_address>
         <size>0x66</size>
         <input_file_ref idref="fl-170"/>
      </object_component>
      <object_component id="oc-106">
         <name>.text</name>
         <load_address>0x4d08</load_address>
         <run_address>0x4d08</run_address>
         <size>0x60</size>
         <input_file_ref idref="fl-15c"/>
      </object_component>
      <object_component id="oc-1d7">
         <name>.text</name>
         <load_address>0x4d68</load_address>
         <run_address>0x4d68</run_address>
         <size>0x56</size>
         <input_file_ref idref="fl-169"/>
      </object_component>
      <object_component id="oc-1e3">
         <name>.text</name>
         <load_address>0x4dbe</load_address>
         <run_address>0x4dbe</run_address>
         <size>0x52</size>
         <input_file_ref idref="fl-168"/>
      </object_component>
      <object_component id="oc-24">
         <name>.text</name>
         <load_address>0x4e10</load_address>
         <run_address>0x4e10</run_address>
         <size>0x50</size>
         <input_file_ref idref="fl-14d"/>
      </object_component>
      <object_component id="oc-1fb">
         <name>.text</name>
         <load_address>0x4e60</load_address>
         <run_address>0x4e60</run_address>
         <size>0x4c</size>
         <input_file_ref idref="fl-162"/>
      </object_component>
      <object_component id="oc-95">
         <name>.text</name>
         <load_address>0x4eac</load_address>
         <run_address>0x4eac</run_address>
         <size>0x4c</size>
         <input_file_ref idref="fl-164"/>
      </object_component>
      <object_component id="oc-fc">
         <name>.text</name>
         <load_address>0x4ef8</load_address>
         <run_address>0x4ef8</run_address>
         <size>0x4a</size>
         <input_file_ref idref="fl-156"/>
      </object_component>
      <object_component id="oc-10c">
         <name>.text</name>
         <load_address>0x4f42</load_address>
         <run_address>0x4f42</run_address>
         <size>0x48</size>
         <input_file_ref idref="fl-155"/>
      </object_component>
      <object_component id="oc-6a">
         <name>.text</name>
         <load_address>0x4f8c</load_address>
         <run_address>0x4f8c</run_address>
         <size>0x44</size>
         <input_file_ref idref="fl-151"/>
      </object_component>
      <object_component id="oc-294">
         <name>.text</name>
         <load_address>0x4fd0</load_address>
         <run_address>0x4fd0</run_address>
         <size>0x40</size>
         <input_file_ref idref="fl-176"/>
      </object_component>
      <object_component id="oc-145">
         <name>.text</name>
         <load_address>0x5010</load_address>
         <run_address>0x5010</run_address>
         <size>0x3e</size>
         <input_file_ref idref="fl-c"/>
      </object_component>
      <object_component id="oc-101">
         <name>.text</name>
         <load_address>0x504e</load_address>
         <run_address>0x504e</run_address>
         <size>0x38</size>
         <input_file_ref idref="fl-157"/>
      </object_component>
      <object_component id="oc-260">
         <name>.text</name>
         <load_address>0x5088</load_address>
         <run_address>0x5088</run_address>
         <size>0x34</size>
         <input_file_ref idref="fl-174"/>
      </object_component>
      <object_component id="oc-1ef">
         <name>.text</name>
         <load_address>0x50bc</load_address>
         <run_address>0x50bc</run_address>
         <size>0x30</size>
         <input_file_ref idref="fl-16e"/>
      </object_component>
      <object_component id="oc-233">
         <name>.text</name>
         <load_address>0x50ec</load_address>
         <run_address>0x50ec</run_address>
         <size>0x30</size>
         <input_file_ref idref="fl-171"/>
      </object_component>
      <object_component id="oc-111">
         <name>.text</name>
         <load_address>0x511c</load_address>
         <run_address>0x511c</run_address>
         <size>0x2e</size>
         <input_file_ref idref="fl-158"/>
      </object_component>
      <object_component id="oc-284">
         <name>.text</name>
         <load_address>0x514a</load_address>
         <run_address>0x514a</run_address>
         <size>0x2e</size>
         <input_file_ref idref="fl-175"/>
      </object_component>
      <object_component id="oc-1dd">
         <name>.text</name>
         <load_address>0x5178</load_address>
         <run_address>0x5178</run_address>
         <size>0x2a</size>
         <input_file_ref idref="fl-167"/>
      </object_component>
      <object_component id="oc-e8">
         <name>.text</name>
         <load_address>0x51a2</load_address>
         <run_address>0x51a2</run_address>
         <size>0x20</size>
         <input_file_ref idref="fl-15e"/>
      </object_component>
      <object_component id="oc-1f5">
         <name>.text</name>
         <load_address>0x51c2</load_address>
         <run_address>0x51c2</run_address>
         <size>0x1c</size>
         <input_file_ref idref="fl-16a"/>
      </object_component>
      <object_component id="oc-64">
         <name>.text</name>
         <load_address>0x51e0</load_address>
         <run_address>0x51e0</run_address>
         <size>0x18</size>
         <input_file_ref idref="fl-161"/>
      </object_component>
      <object_component id="oc-1e9">
         <name>.text</name>
         <load_address>0x51f8</load_address>
         <run_address>0x51f8</run_address>
         <size>0x16</size>
         <input_file_ref idref="fl-16b"/>
      </object_component>
      <object_component id="oc-127">
         <name>.text</name>
         <load_address>0x5210</load_address>
         <run_address>0x5210</run_address>
         <size>0x14</size>
         <input_file_ref idref="fl-15f"/>
      </object_component>
      <object_component id="oc-1c7">
         <name>.text</name>
         <load_address>0x5224</load_address>
         <run_address>0x5224</run_address>
         <size>0x14</size>
         <input_file_ref idref="fl-16c"/>
      </object_component>
      <object_component id="oc-12">
         <name>.text:decompress:none</name>
         <load_address>0x5238</load_address>
         <run_address>0x5238</run_address>
         <size>0xe</size>
         <input_file_ref idref="fl-14e"/>
      </object_component>
      <object_component id="oc-1e">
         <name>.text:decompress:ZI</name>
         <load_address>0x5246</load_address>
         <run_address>0x5246</run_address>
         <size>0xc</size>
         <input_file_ref idref="fl-150"/>
      </object_component>
      <object_component id="oc-2a">
         <name>.text</name>
         <load_address>0x5252</load_address>
         <run_address>0x5252</run_address>
         <size>0xc</size>
         <input_file_ref idref="fl-2"/>
      </object_component>
      <object_component id="oc-154">
         <name>.text:SysCtlDelay</name>
         <load_address>0x525e</load_address>
         <run_address>0x525e</run_address>
         <size>0x6</size>
         <input_file_ref idref="fl-1f"/>
      </object_component>
      <object_component id="oc-18">
         <name>.text:decompress:rle24</name>
         <load_address>0x5264</load_address>
         <run_address>0x5264</run_address>
         <size>0x6</size>
         <input_file_ref idref="fl-14f"/>
      </object_component>
      <object_component id="oc-58">
         <name>.text</name>
         <load_address>0x526a</load_address>
         <run_address>0x526a</run_address>
         <size>0x4</size>
         <input_file_ref idref="fl-15b"/>
      </object_component>
      <object_component id="oc-14e">
         <name>.const:g_pppui32XTALtoVCO</name>
         <load_address>0x5270</load_address>
         <run_address>0x5270</run_address>
         <size>0x120</size>
         <input_file_ref idref="fl-1f"/>
      </object_component>
      <object_component id="oc-241">
         <name>.const:.string:_ctypes_</name>
         <load_address>0x5390</load_address>
         <run_address>0x5390</run_address>
         <size>0x101</size>
         <input_file_ref idref="fl-165"/>
      </object_component>
      <object_component id="oc-169">
         <name>.const:g_ppui32GPIOIntMapBlizzard</name>
         <load_address>0x5494</load_address>
         <run_address>0x5494</run_address>
         <size>0xc0</size>
         <input_file_ref idref="fl-14"/>
      </object_component>
      <object_component id="oc-16f">
         <name>.const:g_ppui32GPIOIntMapSnowflake</name>
         <load_address>0x5554</load_address>
         <run_address>0x5554</run_address>
         <size>0xc0</size>
         <input_file_ref idref="fl-14"/>
      </object_component>
      <object_component id="oc-19d">
         <name>.const:g_pui32Regs</name>
         <load_address>0x5614</load_address>
         <run_address>0x5614</run_address>
         <size>0x9c</size>
         <input_file_ref idref="fl-17"/>
      </object_component>
      <object_component id="oc-172">
         <name>.const:g_pui32GPIOBaseAddrs</name>
         <load_address>0x56b0</load_address>
         <run_address>0x56b0</run_address>
         <size>0x90</size>
         <input_file_ref idref="fl-14"/>
      </object_component>
      <object_component id="oc-19a">
         <name>.const</name>
         <load_address>0x5740</load_address>
         <run_address>0x5740</run_address>
         <size>0x70</size>
         <input_file_ref idref="fl-17"/>
      </object_component>
      <object_component id="oc-14b">
         <name>.const:g_pui32Xtals</name>
         <load_address>0x57b0</load_address>
         <run_address>0x57b0</run_address>
         <size>0x6c</size>
         <input_file_ref idref="fl-1f"/>
      </object_component>
      <object_component id="oc-13c">
         <name>.const:g_sXTALtoMEMTIM</name>
         <load_address>0x581c</load_address>
         <run_address>0x581c</run_address>
         <size>0x30</size>
         <input_file_ref idref="fl-1f"/>
      </object_component>
      <object_component id="oc-11c">
         <name>.const:$P$T0$1</name>
         <load_address>0x584c</load_address>
         <run_address>0x584c</run_address>
         <size>0x24</size>
         <input_file_ref idref="fl-3"/>
      </object_component>
      <object_component id="oc-16c">
         <name>.const</name>
         <load_address>0x5870</load_address>
         <run_address>0x5870</run_address>
         <size>0x8</size>
         <input_file_ref idref="fl-14"/>
      </object_component>
      <object_component id="oc-151">
         <name>.const</name>
         <load_address>0x5878</load_address>
         <run_address>0x5878</run_address>
         <size>0x8</size>
         <input_file_ref idref="fl-1f"/>
      </object_component>
      <object_component id="oc-2db">
         <name>.cinit..data.load</name>
         <load_address>0x5880</load_address>
         <run_address>0x5880</run_address>
         <size>0x41</size>
      </object_component>
      <object_component id="oc-2d8">
         <name>__TI_handler_table</name>
         <load_address>0x58c4</load_address>
         <run_address>0x58c4</run_address>
         <size>0xc</size>
      </object_component>
      <object_component id="oc-2dc">
         <name>.cinit..bss.load</name>
         <load_address>0x58d0</load_address>
         <run_address>0x58d0</run_address>
         <size>0x8</size>
      </object_component>
      <object_component id="oc-2da">
         <name>.cinit..vtable.load</name>
         <load_address>0x58d8</load_address>
         <run_address>0x58d8</run_address>
         <size>0x8</size>
      </object_component>
      <object_component id="oc-2d9">
         <name>__TI_cinit_table</name>
         <load_address>0x58e0</load_address>
         <run_address>0x58e0</run_address>
         <size>0x18</size>
      </object_component>
      <object_component id="oc-197">
         <name>.vtable</name>
         <uninitialized>true</uninitialized>
         <run_address>0x20000000</run_address>
         <size>0x26c</size>
         <input_file_ref idref="fl-17"/>
      </object_component>
      <object_component id="oc-29">
         <name>.stack</name>
         <uninitialized>true</uninitialized>
         <run_address>0x2000026c</run_address>
         <size>0x0</size>
         <input_file_ref idref="fl-14d"/>
      </object_component>
      <object_component id="oc-2dd">
         <name>.stack</name>
         <uninitialized>true</uninitialized>
         <run_address>0x2000026c</run_address>
         <size>0x0</size>
      </object_component>
      <object_component id="oc-119">
         <name>.common:adc_sequencer</name>
         <uninitialized>true</uninitialized>
         <run_address>0x200005c0</run_address>
         <size>0xc</size>
      </object_component>
      <object_component id="oc-116">
         <name>.common:cpu_freq</name>
         <uninitialized>true</uninitialized>
         <run_address>0x200005cc</run_address>
         <size>0x4</size>
      </object_component>
      <object_component id="oc-1b4">
         <name>.common:g_pui8OversampleFactor</name>
         <uninitialized>true</uninitialized>
         <run_address>0x200005d0</run_address>
         <size>0x4</size>
      </object_component>
      <object_component id="oc-a8">
         <name>.data</name>
         <load_address>0x200005a8</load_address>
         <run_address>0x200005a8</run_address>
         <size>0x8</size>
         <input_file_ref idref="fl-151"/>
      </object_component>
      <object_component id="oc-70">
         <name>.data</name>
         <load_address>0x200005bc</load_address>
         <run_address>0x200005bc</run_address>
         <size>0x4</size>
         <input_file_ref idref="fl-15d"/>
      </object_component>
      <object_component id="oc-a5">
         <name>.data</name>
         <load_address>0x200005a0</load_address>
         <run_address>0x200005a0</run_address>
         <size>0x8</size>
         <input_file_ref idref="fl-15f"/>
      </object_component>
      <object_component id="oc-25b">
         <name>.data</name>
         <load_address>0x20000520</load_address>
         <run_address>0x20000520</run_address>
         <size>0x80</size>
         <input_file_ref idref="fl-172"/>
      </object_component>
      <object_component id="oc-266">
         <name>.data</name>
         <load_address>0x200005b8</load_address>
         <run_address>0x200005b8</run_address>
         <size>0x4</size>
         <input_file_ref idref="fl-173"/>
      </object_component>
      <object_component id="oc-28a">
         <name>.data</name>
         <load_address>0x200005b0</load_address>
         <run_address>0x200005b0</run_address>
         <size>0x8</size>
         <input_file_ref idref="fl-174"/>
      </object_component>
      <object_component id="oc-2a5">
         <name>.data:sigtable</name>
         <load_address>0x20000470</load_address>
         <run_address>0x20000470</run_address>
         <size>0xb0</size>
         <input_file_ref idref="fl-176"/>
      </object_component>
      <object_component id="oc-32">
         <name>.debug_info</name>
         <load_address>0x0</load_address>
         <run_address>0x0</run_address>
         <size>0x10c</size>
         <input_file_ref idref="fl-2"/>
      </object_component>
      <object_component id="oc-10">
         <name>.debug_info</name>
         <load_address>0x10c</load_address>
         <run_address>0x10c</run_address>
         <size>0xf1</size>
         <input_file_ref idref="fl-2"/>
      </object_component>
      <object_component id="oc-2b">
         <name>.debug_info</name>
         <load_address>0x1fd</load_address>
         <run_address>0x1fd</run_address>
         <size>0x26d</size>
         <input_file_ref idref="fl-2"/>
      </object_component>
      <object_component id="oc-77">
         <name>.debug_info</name>
         <load_address>0x46a</load_address>
         <run_address>0x46a</run_address>
         <size>0x84</size>
         <input_file_ref idref="fl-2"/>
      </object_component>
      <object_component id="oc-7c">
         <name>.debug_info</name>
         <load_address>0x4ee</load_address>
         <run_address>0x4ee</run_address>
         <size>0x18b</size>
         <input_file_ref idref="fl-2"/>
      </object_component>
      <object_component id="oc-117">
         <name>.debug_info</name>
         <load_address>0x679</load_address>
         <run_address>0x679</run_address>
         <size>0x40c</size>
         <input_file_ref idref="fl-3"/>
      </object_component>
      <object_component id="oc-11d">
         <name>.debug_info</name>
         <load_address>0xa85</load_address>
         <run_address>0xa85</run_address>
         <size>0xde</size>
         <input_file_ref idref="fl-3"/>
      </object_component>
      <object_component id="oc-9e">
         <name>.debug_info</name>
         <load_address>0xb63</load_address>
         <run_address>0xb63</run_address>
         <size>0x630</size>
         <input_file_ref idref="fl-3"/>
      </object_component>
      <object_component id="oc-185">
         <name>.debug_info</name>
         <load_address>0x1193</load_address>
         <run_address>0x1193</run_address>
         <size>0x4e</size>
         <input_file_ref idref="fl-3"/>
      </object_component>
      <object_component id="oc-15d">
         <name>.debug_info</name>
         <load_address>0x11e1</load_address>
         <run_address>0x11e1</run_address>
         <size>0xdc</size>
         <input_file_ref idref="fl-4"/>
      </object_component>
      <object_component id="oc-c5">
         <name>.debug_info</name>
         <load_address>0x12bd</load_address>
         <run_address>0x12bd</run_address>
         <size>0x3c4</size>
         <input_file_ref idref="fl-4"/>
      </object_component>
      <object_component id="oc-cb">
         <name>.debug_info</name>
         <load_address>0x1681</load_address>
         <run_address>0x1681</run_address>
         <size>0x285</size>
         <input_file_ref idref="fl-5"/>
      </object_component>
      <object_component id="oc-161">
         <name>.debug_info</name>
         <load_address>0x1906</load_address>
         <run_address>0x1906</run_address>
         <size>0x106</size>
         <input_file_ref idref="fl-6"/>
      </object_component>
      <object_component id="oc-d7">
         <name>.debug_info</name>
         <load_address>0x1a0c</load_address>
         <run_address>0x1a0c</run_address>
         <size>0x483</size>
         <input_file_ref idref="fl-6"/>
      </object_component>
      <object_component id="oc-11a">
         <name>.debug_info</name>
         <load_address>0x1e8f</load_address>
         <run_address>0x1e8f</run_address>
         <size>0x37c</size>
         <input_file_ref idref="fl-7"/>
      </object_component>
      <object_component id="oc-dd">
         <name>.debug_info</name>
         <load_address>0x220b</load_address>
         <run_address>0x220b</run_address>
         <size>0x2d2</size>
         <input_file_ref idref="fl-7"/>
      </object_component>
      <object_component id="oc-156">
         <name>.debug_info</name>
         <load_address>0x24dd</load_address>
         <run_address>0x24dd</run_address>
         <size>0x8b</size>
         <input_file_ref idref="fl-7"/>
      </object_component>
      <object_component id="oc-1b5">
         <name>.debug_info</name>
         <load_address>0x2568</load_address>
         <run_address>0x2568</run_address>
         <size>0x1d1</size>
         <input_file_ref idref="fl-8"/>
      </object_component>
      <object_component id="oc-163">
         <name>.debug_info</name>
         <load_address>0x2739</load_address>
         <run_address>0x2739</run_address>
         <size>0x2f0c</size>
         <input_file_ref idref="fl-8"/>
      </object_component>
      <object_component id="oc-146">
         <name>.debug_info</name>
         <load_address>0x5645</load_address>
         <run_address>0x5645</run_address>
         <size>0x3e7</size>
         <input_file_ref idref="fl-c"/>
      </object_component>
      <object_component id="oc-176">
         <name>.debug_info</name>
         <load_address>0x5a2c</load_address>
         <run_address>0x5a2c</run_address>
         <size>0x1c4</size>
         <input_file_ref idref="fl-14"/>
      </object_component>
      <object_component id="oc-16a">
         <name>.debug_info</name>
         <load_address>0x5bf0</load_address>
         <run_address>0x5bf0</run_address>
         <size>0x10f</size>
         <input_file_ref idref="fl-14"/>
      </object_component>
      <object_component id="oc-16d">
         <name>.debug_info</name>
         <load_address>0x5cff</load_address>
         <run_address>0x5cff</run_address>
         <size>0x15d</size>
         <input_file_ref idref="fl-14"/>
      </object_component>
      <object_component id="oc-170">
         <name>.debug_info</name>
         <load_address>0x5e5c</load_address>
         <run_address>0x5e5c</run_address>
         <size>0x111</size>
         <input_file_ref idref="fl-14"/>
      </object_component>
      <object_component id="oc-173">
         <name>.debug_info</name>
         <load_address>0x5f6d</load_address>
         <run_address>0x5f6d</run_address>
         <size>0x103</size>
         <input_file_ref idref="fl-14"/>
      </object_component>
      <object_component id="oc-e3">
         <name>.debug_info</name>
         <load_address>0x6070</load_address>
         <run_address>0x6070</run_address>
         <size>0x355b</size>
         <input_file_ref idref="fl-14"/>
      </object_component>
      <object_component id="oc-1a1">
         <name>.debug_info</name>
         <load_address>0x95cb</load_address>
         <run_address>0x95cb</run_address>
         <size>0x1ac</size>
         <input_file_ref idref="fl-17"/>
      </object_component>
      <object_component id="oc-19b">
         <name>.debug_info</name>
         <load_address>0x9777</load_address>
         <run_address>0x9777</run_address>
         <size>0x1b8</size>
         <input_file_ref idref="fl-17"/>
      </object_component>
      <object_component id="oc-19e">
         <name>.debug_info</name>
         <load_address>0x992f</load_address>
         <run_address>0x992f</run_address>
         <size>0xf6</size>
         <input_file_ref idref="fl-17"/>
      </object_component>
      <object_component id="oc-198">
         <name>.debug_info</name>
         <load_address>0x9a25</load_address>
         <run_address>0x9a25</run_address>
         <size>0xff</size>
         <input_file_ref idref="fl-17"/>
      </object_component>
      <object_component id="oc-140">
         <name>.debug_info</name>
         <load_address>0x9b24</load_address>
         <run_address>0x9b24</run_address>
         <size>0xeb9</size>
         <input_file_ref idref="fl-17"/>
      </object_component>
      <object_component id="oc-15b">
         <name>.debug_info</name>
         <load_address>0xa9dd</load_address>
         <run_address>0xa9dd</run_address>
         <size>0x21d</size>
         <input_file_ref idref="fl-1f"/>
      </object_component>
      <object_component id="oc-14c">
         <name>.debug_info</name>
         <load_address>0xabfa</load_address>
         <run_address>0xabfa</run_address>
         <size>0xf5</size>
         <input_file_ref idref="fl-1f"/>
      </object_component>
      <object_component id="oc-14f">
         <name>.debug_info</name>
         <load_address>0xacef</load_address>
         <run_address>0xacef</run_address>
         <size>0x101</size>
         <input_file_ref idref="fl-1f"/>
      </object_component>
      <object_component id="oc-13d">
         <name>.debug_info</name>
         <load_address>0xadf0</load_address>
         <run_address>0xadf0</run_address>
         <size>0xfb</size>
         <input_file_ref idref="fl-1f"/>
      </object_component>
      <object_component id="oc-152">
         <name>.debug_info</name>
         <load_address>0xaeeb</load_address>
         <run_address>0xaeeb</run_address>
         <size>0x108</size>
         <input_file_ref idref="fl-1f"/>
      </object_component>
      <object_component id="oc-bf">
         <name>.debug_info</name>
         <load_address>0xaff3</load_address>
         <run_address>0xaff3</run_address>
         <size>0x2ec5</size>
         <input_file_ref idref="fl-1f"/>
      </object_component>
      <object_component id="oc-1ab">
         <name>.debug_info</name>
         <load_address>0xdeb8</load_address>
         <run_address>0xdeb8</run_address>
         <size>0x5f</size>
         <input_file_ref idref="fl-1f"/>
      </object_component>
      <object_component id="oc-d1">
         <name>.debug_info</name>
         <load_address>0xdf17</load_address>
         <run_address>0xdf17</run_address>
         <size>0x78d</size>
         <input_file_ref idref="fl-27"/>
      </object_component>
      <object_component id="oc-26">
         <name>.debug_info</name>
         <load_address>0xe6a4</load_address>
         <run_address>0xe6a4</run_address>
         <size>0x136</size>
         <input_file_ref idref="fl-14d"/>
      </object_component>
      <object_component id="oc-3e">
         <name>.debug_info</name>
         <load_address>0xe7da</load_address>
         <run_address>0xe7da</run_address>
         <size>0x123</size>
         <input_file_ref idref="fl-14e"/>
      </object_component>
      <object_component id="oc-13">
         <name>.debug_info</name>
         <load_address>0xe8fd</load_address>
         <run_address>0xe8fd</run_address>
         <size>0x1c2</size>
         <input_file_ref idref="fl-14e"/>
      </object_component>
      <object_component id="oc-39">
         <name>.debug_info</name>
         <load_address>0xeabf</load_address>
         <run_address>0xeabf</run_address>
         <size>0x46</size>
         <input_file_ref idref="fl-14e"/>
      </object_component>
      <object_component id="oc-82">
         <name>.debug_info</name>
         <load_address>0xeb05</load_address>
         <run_address>0xeb05</run_address>
         <size>0x2c</size>
         <input_file_ref idref="fl-14e"/>
      </object_component>
      <object_component id="oc-46">
         <name>.debug_info</name>
         <load_address>0xeb31</load_address>
         <run_address>0xeb31</run_address>
         <size>0x117</size>
         <input_file_ref idref="fl-14f"/>
      </object_component>
      <object_component id="oc-40">
         <name>.debug_info</name>
         <load_address>0xec48</load_address>
         <run_address>0xec48</run_address>
         <size>0x22a</size>
         <input_file_ref idref="fl-14f"/>
      </object_component>
      <object_component id="oc-19">
         <name>.debug_info</name>
         <load_address>0xee72</load_address>
         <run_address>0xee72</run_address>
         <size>0x194</size>
         <input_file_ref idref="fl-14f"/>
      </object_component>
      <object_component id="oc-47">
         <name>.debug_info</name>
         <load_address>0xf006</load_address>
         <run_address>0xf006</run_address>
         <size>0x39</size>
         <input_file_ref idref="fl-14f"/>
      </object_component>
      <object_component id="oc-8c">
         <name>.debug_info</name>
         <load_address>0xf03f</load_address>
         <run_address>0xf03f</run_address>
         <size>0x2c</size>
         <input_file_ref idref="fl-14f"/>
      </object_component>
      <object_component id="oc-57">
         <name>.debug_info</name>
         <load_address>0xf06b</load_address>
         <run_address>0xf06b</run_address>
         <size>0x112</size>
         <input_file_ref idref="fl-150"/>
      </object_component>
      <object_component id="oc-20">
         <name>.debug_info</name>
         <load_address>0xf17d</load_address>
         <run_address>0xf17d</run_address>
         <size>0x18d</size>
         <input_file_ref idref="fl-150"/>
      </object_component>
      <object_component id="oc-52">
         <name>.debug_info</name>
         <load_address>0xf30a</load_address>
         <run_address>0xf30a</run_address>
         <size>0x46</size>
         <input_file_ref idref="fl-150"/>
      </object_component>
      <object_component id="oc-ac">
         <name>.debug_info</name>
         <load_address>0xf350</load_address>
         <run_address>0xf350</run_address>
         <size>0x174</size>
         <input_file_ref idref="fl-151"/>
      </object_component>
      <object_component id="oc-a9">
         <name>.debug_info</name>
         <load_address>0xf4c4</load_address>
         <run_address>0xf4c4</run_address>
         <size>0x119</size>
         <input_file_ref idref="fl-151"/>
      </object_component>
      <object_component id="oc-6b">
         <name>.debug_info</name>
         <load_address>0xf5dd</load_address>
         <run_address>0xf5dd</run_address>
         <size>0x1f0</size>
         <input_file_ref idref="fl-151"/>
      </object_component>
      <object_component id="oc-f9">
         <name>.debug_info</name>
         <load_address>0xf7cd</load_address>
         <run_address>0xf7cd</run_address>
         <size>0x12b</size>
         <input_file_ref idref="fl-152"/>
      </object_component>
      <object_component id="oc-f5">
         <name>.debug_info</name>
         <load_address>0xf8f8</load_address>
         <run_address>0xf8f8</run_address>
         <size>0x119</size>
         <input_file_ref idref="fl-153"/>
      </object_component>
      <object_component id="oc-ef">
         <name>.debug_info</name>
         <load_address>0xfa11</load_address>
         <run_address>0xfa11</run_address>
         <size>0x119</size>
         <input_file_ref idref="fl-154"/>
      </object_component>
      <object_component id="oc-10f">
         <name>.debug_info</name>
         <load_address>0xfb2a</load_address>
         <run_address>0xfb2a</run_address>
         <size>0x10d</size>
         <input_file_ref idref="fl-155"/>
      </object_component>
      <object_component id="oc-ff">
         <name>.debug_info</name>
         <load_address>0xfc37</load_address>
         <run_address>0xfc37</run_address>
         <size>0x114</size>
         <input_file_ref idref="fl-156"/>
      </object_component>
      <object_component id="oc-102">
         <name>.debug_info</name>
         <load_address>0xfd4b</load_address>
         <run_address>0xfd4b</run_address>
         <size>0x10b</size>
         <input_file_ref idref="fl-157"/>
      </object_component>
      <object_component id="oc-113">
         <name>.debug_info</name>
         <load_address>0xfe56</load_address>
         <run_address>0xfe56</run_address>
         <size>0x10b</size>
         <input_file_ref idref="fl-158"/>
      </object_component>
      <object_component id="oc-35">
         <name>.debug_info</name>
         <load_address>0xff61</load_address>
         <run_address>0xff61</run_address>
         <size>0xf8</size>
         <input_file_ref idref="fl-159"/>
      </object_component>
      <object_component id="oc-4f">
         <name>.debug_info</name>
         <load_address>0x10059</load_address>
         <run_address>0x10059</run_address>
         <size>0x126</size>
         <input_file_ref idref="fl-15a"/>
      </object_component>
      <object_component id="oc-5a">
         <name>.debug_info</name>
         <load_address>0x1017f</load_address>
         <run_address>0x1017f</run_address>
         <size>0x12b</size>
         <input_file_ref idref="fl-15b"/>
      </object_component>
      <object_component id="oc-184">
         <name>.debug_info</name>
         <load_address>0x102aa</load_address>
         <run_address>0x102aa</run_address>
         <size>0x19e</size>
         <input_file_ref idref="fl-15c"/>
      </object_component>
      <object_component id="oc-10a">
         <name>.debug_info</name>
         <load_address>0x10448</load_address>
         <run_address>0x10448</run_address>
         <size>0x2c7</size>
         <input_file_ref idref="fl-15c"/>
      </object_component>
      <object_component id="oc-208">
         <name>.debug_info</name>
         <load_address>0x1070f</load_address>
         <run_address>0x1070f</run_address>
         <size>0x2c</size>
         <input_file_ref idref="fl-15c"/>
      </object_component>
      <object_component id="oc-71">
         <name>.debug_info</name>
         <load_address>0x1073b</load_address>
         <run_address>0x1073b</run_address>
         <size>0xec</size>
         <input_file_ref idref="fl-15d"/>
      </object_component>
      <object_component id="oc-ea">
         <name>.debug_info</name>
         <load_address>0x10827</load_address>
         <run_address>0x10827</run_address>
         <size>0x10d</size>
         <input_file_ref idref="fl-15e"/>
      </object_component>
      <object_component id="oc-12f">
         <name>.debug_info</name>
         <load_address>0x10934</load_address>
         <run_address>0x10934</run_address>
         <size>0x107</size>
         <input_file_ref idref="fl-15f"/>
      </object_component>
      <object_component id="oc-a6">
         <name>.debug_info</name>
         <load_address>0x10a3b</load_address>
         <run_address>0x10a3b</run_address>
         <size>0xf6</size>
         <input_file_ref idref="fl-15f"/>
      </object_component>
      <object_component id="oc-128">
         <name>.debug_info</name>
         <load_address>0x10b31</load_address>
         <run_address>0x10b31</run_address>
         <size>0x202</size>
         <input_file_ref idref="fl-15f"/>
      </object_component>
      <object_component id="oc-202">
         <name>.debug_info</name>
         <load_address>0x10d33</load_address>
         <run_address>0x10d33</run_address>
         <size>0x3a9</size>
         <input_file_ref idref="fl-160"/>
      </object_component>
      <object_component id="oc-181">
         <name>.debug_info</name>
         <load_address>0x110dc</load_address>
         <run_address>0x110dc</run_address>
         <size>0x17ec</size>
         <input_file_ref idref="fl-160"/>
      </object_component>
      <object_component id="oc-203">
         <name>.debug_info</name>
         <load_address>0x128c8</load_address>
         <run_address>0x128c8</run_address>
         <size>0x86</size>
         <input_file_ref idref="fl-160"/>
      </object_component>
      <object_component id="oc-248">
         <name>.debug_info</name>
         <load_address>0x1294e</load_address>
         <run_address>0x1294e</run_address>
         <size>0x46</size>
         <input_file_ref idref="fl-160"/>
      </object_component>
      <object_component id="oc-20d">
         <name>.debug_info</name>
         <load_address>0x12994</load_address>
         <run_address>0x12994</run_address>
         <size>0x39</size>
         <input_file_ref idref="fl-160"/>
      </object_component>
      <object_component id="oc-a4">
         <name>.debug_info</name>
         <load_address>0x129cd</load_address>
         <run_address>0x129cd</run_address>
         <size>0x149</size>
         <input_file_ref idref="fl-161"/>
      </object_component>
      <object_component id="oc-66">
         <name>.debug_info</name>
         <load_address>0x12b16</load_address>
         <run_address>0x12b16</run_address>
         <size>0x14a</size>
         <input_file_ref idref="fl-161"/>
      </object_component>
      <object_component id="oc-122">
         <name>.debug_info</name>
         <load_address>0x12c60</load_address>
         <run_address>0x12c60</run_address>
         <size>0x5e</size>
         <input_file_ref idref="fl-161"/>
      </object_component>
      <object_component id="oc-245">
         <name>.debug_info</name>
         <load_address>0x12cbe</load_address>
         <run_address>0x12cbe</run_address>
         <size>0xf7</size>
         <input_file_ref idref="fl-162"/>
      </object_component>
      <object_component id="oc-1fe">
         <name>.debug_info</name>
         <load_address>0x12db5</load_address>
         <run_address>0x12db5</run_address>
         <size>0x154</size>
         <input_file_ref idref="fl-162"/>
      </object_component>
      <object_component id="oc-9c">
         <name>.debug_info</name>
         <load_address>0x12f09</load_address>
         <run_address>0x12f09</run_address>
         <size>0x2a0</size>
         <input_file_ref idref="fl-163"/>
      </object_component>
      <object_component id="oc-5f">
         <name>.debug_info</name>
         <load_address>0x131a9</load_address>
         <run_address>0x131a9</run_address>
         <size>0x15a</size>
         <input_file_ref idref="fl-163"/>
      </object_component>
      <object_component id="oc-b4">
         <name>.debug_info</name>
         <load_address>0x13303</load_address>
         <run_address>0x13303</run_address>
         <size>0x39</size>
         <input_file_ref idref="fl-163"/>
      </object_component>
      <object_component id="oc-b9">
         <name>.debug_info</name>
         <load_address>0x1333c</load_address>
         <run_address>0x1333c</run_address>
         <size>0xcd</size>
         <input_file_ref idref="fl-163"/>
      </object_component>
      <object_component id="oc-b1">
         <name>.debug_info</name>
         <load_address>0x13409</load_address>
         <run_address>0x13409</run_address>
         <size>0x1c3</size>
         <input_file_ref idref="fl-164"/>
      </object_component>
      <object_component id="oc-96">
         <name>.debug_info</name>
         <load_address>0x135cc</load_address>
         <run_address>0x135cc</run_address>
         <size>0x166</size>
         <input_file_ref idref="fl-164"/>
      </object_component>
      <object_component id="oc-137">
         <name>.debug_info</name>
         <load_address>0x13732</load_address>
         <run_address>0x13732</run_address>
         <size>0x2c</size>
         <input_file_ref idref="fl-164"/>
      </object_component>
      <object_component id="oc-274">
         <name>.debug_info</name>
         <load_address>0x1375e</load_address>
         <run_address>0x1375e</run_address>
         <size>0xd1</size>
         <input_file_ref idref="fl-165"/>
      </object_component>
      <object_component id="oc-242">
         <name>.debug_info</name>
         <load_address>0x1382f</load_address>
         <run_address>0x1382f</run_address>
         <size>0xdd</size>
         <input_file_ref idref="fl-165"/>
      </object_component>
      <object_component id="oc-1cf">
         <name>.debug_info</name>
         <load_address>0x1390c</load_address>
         <run_address>0x1390c</run_address>
         <size>0x107</size>
         <input_file_ref idref="fl-166"/>
      </object_component>
      <object_component id="oc-1d4">
         <name>.debug_info</name>
         <load_address>0x13a13</load_address>
         <run_address>0x13a13</run_address>
         <size>0x109</size>
         <input_file_ref idref="fl-166"/>
      </object_component>
      <object_component id="oc-22c">
         <name>.debug_info</name>
         <load_address>0x13b1c</load_address>
         <run_address>0x13b1c</run_address>
         <size>0x16f</size>
         <input_file_ref idref="fl-167"/>
      </object_component>
      <object_component id="oc-1df">
         <name>.debug_info</name>
         <load_address>0x13c8b</load_address>
         <run_address>0x13c8b</run_address>
         <size>0x170</size>
         <input_file_ref idref="fl-167"/>
      </object_component>
      <object_component id="oc-23a">
         <name>.debug_info</name>
         <load_address>0x13dfb</load_address>
         <run_address>0x13dfb</run_address>
         <size>0x171</size>
         <input_file_ref idref="fl-168"/>
      </object_component>
      <object_component id="oc-1e4">
         <name>.debug_info</name>
         <load_address>0x13f6c</load_address>
         <run_address>0x13f6c</run_address>
         <size>0x167</size>
         <input_file_ref idref="fl-168"/>
      </object_component>
      <object_component id="oc-224">
         <name>.debug_info</name>
         <load_address>0x140d3</load_address>
         <run_address>0x140d3</run_address>
         <size>0x12f</size>
         <input_file_ref idref="fl-169"/>
      </object_component>
      <object_component id="oc-1db">
         <name>.debug_info</name>
         <load_address>0x14202</load_address>
         <run_address>0x14202</run_address>
         <size>0x1a5</size>
         <input_file_ref idref="fl-169"/>
      </object_component>
      <object_component id="oc-240">
         <name>.debug_info</name>
         <load_address>0x143a7</load_address>
         <run_address>0x143a7</run_address>
         <size>0xd4</size>
         <input_file_ref idref="fl-16a"/>
      </object_component>
      <object_component id="oc-1f8">
         <name>.debug_info</name>
         <load_address>0x1447b</load_address>
         <run_address>0x1447b</run_address>
         <size>0x18e</size>
         <input_file_ref idref="fl-16a"/>
      </object_component>
      <object_component id="oc-23c">
         <name>.debug_info</name>
         <load_address>0x14609</load_address>
         <run_address>0x14609</run_address>
         <size>0xd8</size>
         <input_file_ref idref="fl-16b"/>
      </object_component>
      <object_component id="oc-1ed">
         <name>.debug_info</name>
         <load_address>0x146e1</load_address>
         <run_address>0x146e1</run_address>
         <size>0x1f7</size>
         <input_file_ref idref="fl-16b"/>
      </object_component>
      <object_component id="oc-220">
         <name>.debug_info</name>
         <load_address>0x148d8</load_address>
         <run_address>0x148d8</run_address>
         <size>0xcd</size>
         <input_file_ref idref="fl-16c"/>
      </object_component>
      <object_component id="oc-1ca">
         <name>.debug_info</name>
         <load_address>0x149a5</load_address>
         <run_address>0x149a5</run_address>
         <size>0x1dd</size>
         <input_file_ref idref="fl-16c"/>
      </object_component>
      <object_component id="oc-1c4">
         <name>.debug_info</name>
         <load_address>0x14b82</load_address>
         <run_address>0x14b82</run_address>
         <size>0x164</size>
         <input_file_ref idref="fl-16d"/>
      </object_component>
      <object_component id="oc-23e">
         <name>.debug_info</name>
         <load_address>0x14ce6</load_address>
         <run_address>0x14ce6</run_address>
         <size>0x122</size>
         <input_file_ref idref="fl-16e"/>
      </object_component>
      <object_component id="oc-1f0">
         <name>.debug_info</name>
         <load_address>0x14e08</load_address>
         <run_address>0x14e08</run_address>
         <size>0x13c</size>
         <input_file_ref idref="fl-16e"/>
      </object_component>
      <object_component id="oc-25f">
         <name>.debug_info</name>
         <load_address>0x14f44</load_address>
         <run_address>0x14f44</run_address>
         <size>0x182</size>
         <input_file_ref idref="fl-16f"/>
      </object_component>
      <object_component id="oc-231">
         <name>.debug_info</name>
         <load_address>0x150c6</load_address>
         <run_address>0x150c6</run_address>
         <size>0x194</size>
         <input_file_ref idref="fl-16f"/>
      </object_component>
      <object_component id="oc-27d">
         <name>.debug_info</name>
         <load_address>0x1525a</load_address>
         <run_address>0x1525a</run_address>
         <size>0x86</size>
         <input_file_ref idref="fl-16f"/>
      </object_component>
      <object_component id="oc-258">
         <name>.debug_info</name>
         <load_address>0x152e0</load_address>
         <run_address>0x152e0</run_address>
         <size>0x16c</size>
         <input_file_ref idref="fl-170"/>
      </object_component>
      <object_component id="oc-228">
         <name>.debug_info</name>
         <load_address>0x1544c</load_address>
         <run_address>0x1544c</run_address>
         <size>0x175</size>
         <input_file_ref idref="fl-170"/>
      </object_component>
      <object_component id="oc-235">
         <name>.debug_info</name>
         <load_address>0x155c1</load_address>
         <run_address>0x155c1</run_address>
         <size>0x155</size>
         <input_file_ref idref="fl-171"/>
      </object_component>
      <object_component id="oc-25c">
         <name>.debug_info</name>
         <load_address>0x15716</load_address>
         <run_address>0x15716</run_address>
         <size>0x1b7</size>
         <input_file_ref idref="fl-172"/>
      </object_component>
      <object_component id="oc-267">
         <name>.debug_info</name>
         <load_address>0x158cd</load_address>
         <run_address>0x158cd</run_address>
         <size>0xd8</size>
         <input_file_ref idref="fl-173"/>
      </object_component>
      <object_component id="oc-2a3">
         <name>.debug_info</name>
         <load_address>0x159a5</load_address>
         <run_address>0x159a5</run_address>
         <size>0x1af</size>
         <input_file_ref idref="fl-174"/>
      </object_component>
      <object_component id="oc-28b">
         <name>.debug_info</name>
         <load_address>0x15b54</load_address>
         <run_address>0x15b54</run_address>
         <size>0x110</size>
         <input_file_ref idref="fl-174"/>
      </object_component>
      <object_component id="oc-262">
         <name>.debug_info</name>
         <load_address>0x15c64</load_address>
         <run_address>0x15c64</run_address>
         <size>0x171</size>
         <input_file_ref idref="fl-174"/>
      </object_component>
      <object_component id="oc-29e">
         <name>.debug_info</name>
         <load_address>0x15dd5</load_address>
         <run_address>0x15dd5</run_address>
         <size>0x6f</size>
         <input_file_ref idref="fl-174"/>
      </object_component>
      <object_component id="oc-29b">
         <name>.debug_info</name>
         <load_address>0x15e44</load_address>
         <run_address>0x15e44</run_address>
         <size>0xff</size>
         <input_file_ref idref="fl-175"/>
      </object_component>
      <object_component id="oc-286">
         <name>.debug_info</name>
         <load_address>0x15f43</load_address>
         <run_address>0x15f43</run_address>
         <size>0x156</size>
         <input_file_ref idref="fl-175"/>
      </object_component>
      <object_component id="oc-2ac">
         <name>.debug_info</name>
         <load_address>0x16099</load_address>
         <run_address>0x16099</run_address>
         <size>0x2c</size>
         <input_file_ref idref="fl-175"/>
      </object_component>
      <object_component id="oc-2a9">
         <name>.debug_info</name>
         <load_address>0x160c5</load_address>
         <run_address>0x160c5</run_address>
         <size>0x11f</size>
         <input_file_ref idref="fl-176"/>
      </object_component>
      <object_component id="oc-2a6">
         <name>.debug_info</name>
         <load_address>0x161e4</load_address>
         <run_address>0x161e4</run_address>
         <size>0xdd</size>
         <input_file_ref idref="fl-176"/>
      </object_component>
      <object_component id="oc-295">
         <name>.debug_info</name>
         <load_address>0x162c1</load_address>
         <run_address>0x162c1</run_address>
         <size>0x16c</size>
         <input_file_ref idref="fl-176"/>
      </object_component>
      <object_component id="oc-278">
         <name>.debug_info</name>
         <load_address>0x1642d</load_address>
         <run_address>0x1642d</run_address>
         <size>0x137</size>
         <input_file_ref idref="fl-177"/>
      </object_component>
      <object_component id="oc-252">
         <name>.debug_info</name>
         <load_address>0x16564</load_address>
         <run_address>0x16564</run_address>
         <size>0x14f</size>
         <input_file_ref idref="fl-177"/>
      </object_component>
      <object_component id="oc-2de">
         <name>.debug_info</name>
         <load_address>0x166b3</load_address>
         <run_address>0x166b3</run_address>
         <size>0xab</size>
      </object_component>
      <object_component id="oc-76">
         <name>.debug_line</name>
         <load_address>0x0</load_address>
         <run_address>0x0</run_address>
         <size>0x41</size>
         <input_file_ref idref="fl-2"/>
      </object_component>
      <object_component id="oc-31">
         <name>.debug_line</name>
         <load_address>0x41</load_address>
         <run_address>0x41</run_address>
         <size>0x41</size>
         <input_file_ref idref="fl-2"/>
      </object_component>
      <object_component id="oc-2e">
         <name>.debug_line</name>
         <load_address>0x82</load_address>
         <run_address>0x82</run_address>
         <size>0xa1</size>
         <input_file_ref idref="fl-2"/>
      </object_component>
      <object_component id="oc-7a">
         <name>.debug_line</name>
         <load_address>0x123</load_address>
         <run_address>0x123</run_address>
         <size>0x20</size>
         <input_file_ref idref="fl-2"/>
      </object_component>
      <object_component id="oc-7f">
         <name>.debug_line</name>
         <load_address>0x143</load_address>
         <run_address>0x143</run_address>
         <size>0x60</size>
         <input_file_ref idref="fl-2"/>
      </object_component>
      <object_component id="oc-18d">
         <name>.debug_line</name>
         <load_address>0x1a3</load_address>
         <run_address>0x1a3</run_address>
         <size>0x396</size>
         <input_file_ref idref="fl-3"/>
      </object_component>
      <object_component id="oc-191">
         <name>.debug_line</name>
         <load_address>0x539</load_address>
         <run_address>0x539</run_address>
         <size>0x39</size>
         <input_file_ref idref="fl-3"/>
      </object_component>
      <object_component id="oc-a1">
         <name>.debug_line</name>
         <load_address>0x572</load_address>
         <run_address>0x572</run_address>
         <size>0x103</size>
         <input_file_ref idref="fl-3"/>
      </object_component>
      <object_component id="oc-188">
         <name>.debug_line</name>
         <load_address>0x675</load_address>
         <run_address>0x675</run_address>
         <size>0x60</size>
         <input_file_ref idref="fl-3"/>
      </object_component>
      <object_component id="oc-1b1">
         <name>.debug_line</name>
         <load_address>0x6d5</load_address>
         <run_address>0x6d5</run_address>
         <size>0x20</size>
         <input_file_ref idref="fl-4"/>
      </object_component>
      <object_component id="oc-c8">
         <name>.debug_line</name>
         <load_address>0x6f5</load_address>
         <run_address>0x6f5</run_address>
         <size>0xc6</size>
         <input_file_ref idref="fl-4"/>
      </object_component>
      <object_component id="oc-ce">
         <name>.debug_line</name>
         <load_address>0x7bb</load_address>
         <run_address>0x7bb</run_address>
         <size>0x99</size>
         <input_file_ref idref="fl-5"/>
      </object_component>
      <object_component id="oc-1b3">
         <name>.debug_line</name>
         <load_address>0x854</load_address>
         <run_address>0x854</run_address>
         <size>0x3c</size>
         <input_file_ref idref="fl-6"/>
      </object_component>
      <object_component id="oc-da">
         <name>.debug_line</name>
         <load_address>0x890</load_address>
         <run_address>0x890</run_address>
         <size>0xf1</size>
         <input_file_ref idref="fl-6"/>
      </object_component>
      <object_component id="oc-18f">
         <name>.debug_line</name>
         <load_address>0x981</load_address>
         <run_address>0x981</run_address>
         <size>0x94</size>
         <input_file_ref idref="fl-7"/>
      </object_component>
      <object_component id="oc-e0">
         <name>.debug_line</name>
         <load_address>0xa15</load_address>
         <run_address>0xa15</run_address>
         <size>0x7e</size>
         <input_file_ref idref="fl-7"/>
      </object_component>
      <object_component id="oc-159">
         <name>.debug_line</name>
         <load_address>0xa93</load_address>
         <run_address>0xa93</run_address>
         <size>0x20</size>
         <input_file_ref idref="fl-7"/>
      </object_component>
      <object_component id="oc-21d">
         <name>.debug_line</name>
         <load_address>0xab3</load_address>
         <run_address>0xab3</run_address>
         <size>0x6c</size>
         <input_file_ref idref="fl-8"/>
      </object_component>
      <object_component id="oc-166">
         <name>.debug_line</name>
         <load_address>0xb1f</load_address>
         <run_address>0xb1f</run_address>
         <size>0x5e0</size>
         <input_file_ref idref="fl-8"/>
      </object_component>
      <object_component id="oc-149">
         <name>.debug_line</name>
         <load_address>0x10ff</load_address>
         <run_address>0x10ff</run_address>
         <size>0xe6</size>
         <input_file_ref idref="fl-c"/>
      </object_component>
      <object_component id="oc-1c1">
         <name>.debug_line</name>
         <load_address>0x11e5</load_address>
         <run_address>0x11e5</run_address>
         <size>0x49</size>
         <input_file_ref idref="fl-14"/>
      </object_component>
      <object_component id="oc-1b9">
         <name>.debug_line</name>
         <load_address>0x122e</load_address>
         <run_address>0x122e</run_address>
         <size>0x44</size>
         <input_file_ref idref="fl-14"/>
      </object_component>
      <object_component id="oc-1bb">
         <name>.debug_line</name>
         <load_address>0x1272</load_address>
         <run_address>0x1272</run_address>
         <size>0x44</size>
         <input_file_ref idref="fl-14"/>
      </object_component>
      <object_component id="oc-1bd">
         <name>.debug_line</name>
         <load_address>0x12b6</load_address>
         <run_address>0x12b6</run_address>
         <size>0x44</size>
         <input_file_ref idref="fl-14"/>
      </object_component>
      <object_component id="oc-1bf">
         <name>.debug_line</name>
         <load_address>0x12fa</load_address>
         <run_address>0x12fa</run_address>
         <size>0x44</size>
         <input_file_ref idref="fl-14"/>
      </object_component>
      <object_component id="oc-e6">
         <name>.debug_line</name>
         <load_address>0x133e</load_address>
         <run_address>0x133e</run_address>
         <size>0x63d</size>
         <input_file_ref idref="fl-14"/>
      </object_component>
      <object_component id="oc-21b">
         <name>.debug_line</name>
         <load_address>0x197b</load_address>
         <run_address>0x197b</run_address>
         <size>0x43</size>
         <input_file_ref idref="fl-17"/>
      </object_component>
      <object_component id="oc-217">
         <name>.debug_line</name>
         <load_address>0x19be</load_address>
         <run_address>0x19be</run_address>
         <size>0x49</size>
         <input_file_ref idref="fl-17"/>
      </object_component>
      <object_component id="oc-219">
         <name>.debug_line</name>
         <load_address>0x1a07</load_address>
         <run_address>0x1a07</run_address>
         <size>0x49</size>
         <input_file_ref idref="fl-17"/>
      </object_component>
      <object_component id="oc-215">
         <name>.debug_line</name>
         <load_address>0x1a50</load_address>
         <run_address>0x1a50</run_address>
         <size>0x49</size>
         <input_file_ref idref="fl-17"/>
      </object_component>
      <object_component id="oc-143">
         <name>.debug_line</name>
         <load_address>0x1a99</load_address>
         <run_address>0x1a99</run_address>
         <size>0x2fa</size>
         <input_file_ref idref="fl-17"/>
      </object_component>
      <object_component id="oc-1aa">
         <name>.debug_line</name>
         <load_address>0x1d93</load_address>
         <run_address>0x1d93</run_address>
[...]
         <object_component_ref idref="oc-be"/>
      </symbol>
      <symbol id="sm-434">
         <name>SysCtlResetBehaviorGet</name>
         <value>0x1941</value>
         <object_component_ref idref="oc-be"/>
      </symbol>
      <symbol id="sm-435">
         <name>SysCtlPeripheralPresent</name>
         <value>0x1449</value>
         <object_component_ref idref="oc-be"/>
      </symbol>
      <symbol id="sm-436">
         <name>SysCtlDeepSleepClockSet</name>
         <value>0x2031</value>
         <object_component_ref idref="oc-be"/>
      </symbol>
      <symbol id="sm-437">
         <name>SysCtlClockSet</name>
         <value>0x1cad</value>
         <object_component_ref idref="oc-be"/>
      </symbol>
      <symbol id="sm-438">
         <name>SysCtlAltClkConfig</name>
         <value>0x21c7</value>
         <object_component_ref idref="oc-be"/>
      </symbol>
      <symbol id="sm-439">
         <name>SysCtlPeripheralClockGating</name>
         <value>0x1761</value>
         <object_component_ref idref="oc-be"/>
      </symbol>
      <symbol id="sm-43a">
         <name>SysCtlIntStatus</name>
         <value>0x1819</value>
         <object_component_ref idref="oc-be"/>
      </symbol>
      <symbol id="sm-43b">
         <name>SysCtlIntClear</name>
         <value>0x1809</value>
         <object_component_ref idref="oc-be"/>
      </symbol>
      <symbol id="sm-43c">
         <name>SysCtlVoltageEventStatus</name>
         <value>0x2171</value>
         <object_component_ref idref="oc-be"/>
      </symbol>
      <symbol id="sm-43d">
         <name>SysCtlVoltageEventConfig</name>
         <value>0x2161</value>
         <object_component_ref idref="oc-be"/>
      </symbol>
      <symbol id="sm-43e">
         <name>SysCtlResetCauseGet</name>
         <value>0x18b1</value>
         <object_component_ref idref="oc-be"/>
      </symbol>
      <symbol id="sm-43f">
         <name>SysCtlSleep</name>
         <value>0x188d</value>
         <object_component_ref idref="oc-be"/>
      </symbol>
      <symbol id="sm-440">
         <name>SysCtlPWMClockGet</name>
         <value>0x20f1</value>
         <object_component_ref idref="oc-be"/>
      </symbol>
      <symbol id="sm-441">
         <name>SysCtlDeepSleepPowerSet</name>
         <value>0x1875</value>
         <object_component_ref idref="oc-be"/>
      </symbol>
      <symbol id="sm-442">
         <name>SysCtlClockOutConfig</name>
         <value>0x21ab</value>
         <object_component_ref idref="oc-be"/>
      </symbol>
      <symbol id="sm-443">
         <name>SysCtlNMIStatus</name>
         <value>0x2191</value>
         <object_component_ref idref="oc-be"/>
      </symbol>
      <symbol id="sm-444">
         <name>SysCtlDeepSleepClockConfigSet</name>
         <value>0x204d</value>
         <object_component_ref idref="oc-be"/>
      </symbol>
      <symbol id="sm-445">
         <name>SysCtlDelay</name>
         <value>0x525f</value>
         <object_component_ref idref="oc-154"/>
      </symbol>
      <symbol id="sm-446">
         <name>SysCtlVoltageEventClear</name>
         <value>0x217d</value>
         <object_component_ref idref="oc-be"/>
      </symbol>
      <symbol id="sm-447">
         <name>SysCtlLDOSleepSet</name>
         <value>0x1835</value>
         <object_component_ref idref="oc-be"/>
      </symbol>
      <symbol id="sm-448">
         <name>SysCtlMOSCConfigSet</name>
         <value>0x18cb</value>
         <object_component_ref idref="oc-be"/>
      </symbol>
      <symbol id="sm-449">
         <name>SysCtlPeripheralEnable</name>
         <value>0x15c9</value>
         <object_component_ref idref="oc-be"/>
      </symbol>
      <symbol id="sm-44a">
         <name>SysCtlIntEnable</name>
         <value>0x17dd</value>
         <object_component_ref idref="oc-be"/>
      </symbol>
      <symbol id="sm-44b">
         <name>SysCtlNMIClear</name>
         <value>0x2197</value>
         <object_component_ref idref="oc-be"/>
      </symbol>
      <symbol id="sm-44c">
         <name>SysCtlPeripheralPowerOff</name>
         <value>0x1505</value>
         <object_component_ref idref="oc-be"/>
      </symbol>
      <symbol id="sm-44d">
         <name>SysCtlSleepPowerSet</name>
         <value>0x1861</value>
         <object_component_ref idref="oc-be"/>
      </symbol>
      <symbol id="sm-44e">
         <name>SysCtlDeepSleep</name>
         <value>0x1895</value>
         <object_component_ref idref="oc-be"/>
      </symbol>
      <symbol id="sm-44f">
         <name>SysCtlLDODeepSleepSet</name>
         <value>0x184b</value>
         <object_component_ref idref="oc-be"/>
      </symbol>
      <symbol id="sm-450">
         <name>SysCtlPeripheralPowerOn</name>
         <value>0x14c9</value>
         <object_component_ref idref="oc-be"/>
      </symbol>
      <symbol id="sm-451">
         <name>SysCtlPeripheralDeepSleepDisable</name>
         <value>0x1719</value>
         <object_component_ref idref="oc-be"/>
      </symbol>
      <symbol id="sm-452">
         <name>SysCtlPeripheralSleepDisable</name>
         <value>0x168d</value>
         <object_component_ref idref="oc-be"/>
      </symbol>
      <symbol id="sm-453">
         <name>SysCtlResetBehaviorSet</name>
         <value>0x1931</value>
         <object_component_ref idref="oc-be"/>
      </symbol>
      <symbol id="sm-454">
         <name>SysCtlReset</name>
         <value>0x1885</value>
         <object_component_ref idref="oc-be"/>
      </symbol>
      <symbol id="sm-455">
         <name>SysCtlGPIOAHBDisable</name>
         <value>0x2123</value>
         <object_component_ref idref="oc-be"/>
      </symbol>
      <symbol id="sm-456">
         <name>SysCtlSRAMSizeGet</name>
         <value>0x13eb</value>
         <object_component_ref idref="oc-be"/>
      </symbol>
      <symbol id="sm-457">
         <name>SysCtlClockGet</name>
         <value>0x1e79</value>
         <object_component_ref idref="oc-be"/>
      </symbol>
      <symbol id="sm-458">
         <name>SysCtlPeripheralDisable</name>
         <value>0x1605</value>
         <object_component_ref idref="oc-be"/>
      </symbol>
      <symbol id="sm-459">
         <name>SysCtlPWMClockSet</name>
         <value>0x20d7</value>
         <object_component_ref idref="oc-be"/>
      </symbol>
      <symbol id="sm-45a">
         <name>SysCtlUSBPLLEnable</name>
         <value>0x213f</value>
         <object_component_ref idref="oc-be"/>
      </symbol>
      <symbol id="sm-45b">
         <name>SysCtlPeripheralSleepEnable</name>
         <value>0x1649</value>
         <object_component_ref idref="oc-be"/>
      </symbol>
      <symbol id="sm-45c">
         <name>SysCtlIntUnregister</name>
         <value>0x17cd</value>
         <object_component_ref idref="oc-be"/>
      </symbol>
      <symbol id="sm-45d">
         <name>SysCtlUSBPLLDisable</name>
         <value>0x2151</value>
         <object_component_ref idref="oc-be"/>
      </symbol>
      <symbol id="sm-45e">
         <name>SysCtlPeripheralReady</name>
         <value>0x1489</value>
         <object_component_ref idref="oc-be"/>
      </symbol>
      <symbol id="sm-45f">
         <name>SysCtlPIOSCCalibrate</name>
         <value>0x18e1</value>
         <object_component_ref idref="oc-be"/>
      </symbol>
      <symbol id="sm-460">
         <name>SysCtlResetCauseClear</name>
         <value>0x18b7</value>
         <object_component_ref idref="oc-be"/>
      </symbol>
      <symbol id="sm-461">
         <name>SysCtlLDOSleepGet</name>
         <value>0x1845</value>
         <object_component_ref idref="oc-be"/>
      </symbol>
      <symbol id="sm-462">
         <name>SysCtlClockFreqSet</name>
         <value>0x1995</value>
         <object_component_ref idref="oc-be"/>
      </symbol>
      <symbol id="sm-463">
         <name>SysCtlPeripheralReset</name>
         <value>0x1541</value>
         <object_component_ref idref="oc-be"/>
      </symbol>
      <symbol id="sm-495">
         <name>PortFunctionInit</name>
         <value>0x3bed</value>
         <object_component_ref idref="oc-d0"/>
      </symbol>
      <symbol id="sm-4a7">
         <name>_c_int00</name>
         <value>0x4e11</value>
         <object_component_ref idref="oc-24"/>
      </symbol>
      <symbol id="sm-4a8">
         <name>__stack</name>
         <value>0x2000026c</value>
         <object_component_ref idref="oc-29"/>
      </symbol>
      <symbol id="sm-4bf">
         <name>__TI_decompress_none</name>
         <value>0x5239</value>
         <object_component_ref idref="oc-12"/>
      </symbol>
      <symbol id="sm-4e7">
         <name>__TI_decompress_rle24</name>
         <value>0x5265</value>
         <object_component_ref idref="oc-18"/>
      </symbol>
      <symbol id="sm-4f9">
         <name>__TI_zero_init</name>
         <value>0x5247</value>
         <object_component_ref idref="oc-1e"/>
      </symbol>
      <symbol id="sm-518">
         <name>C$$EXIT</name>
         <value>0x4f8d</value>
         <object_component_ref idref="oc-6a"/>
      </symbol>
      <symbol id="sm-519">
         <name>abort</name>
         <value>0x4f91</value>
         <object_component_ref idref="oc-6a"/>
      </symbol>
      <symbol id="sm-51a">
         <name>exit</name>
         <value>0x4f99</value>
         <object_component_ref idref="oc-6a"/>
      </symbol>
      <symbol id="sm-51b">
         <name>__TI_dtors_ptr</name>
         <value>0x200005ac</value>
         <object_component_ref idref="oc-a8"/>
      </symbol>
      <symbol id="sm-51c">
         <name>__TI_cleanup_ptr</name>
         <value>0x200005a8</value>
         <object_component_ref idref="oc-a8"/>
      </symbol>
      <symbol id="sm-540">
         <name>__aeabi_dsub</name>
         <value>0x4061</value>
         <object_component_ref idref="oc-f7"/>
      </symbol>
      <symbol id="sm-541">
         <name>__aeabi_dadd</name>
         <value>0x406b</value>
         <object_component_ref idref="oc-f7"/>
      </symbol>
      <symbol id="sm-561">
         <name>__aeabi_ddiv</name>
         <value>0x4385</value>
         <object_component_ref idref="oc-f2"/>
      </symbol>
      <symbol id="sm-578">
         <name>__aeabi_dmul</name>
         <value>0x45cd</value>
         <object_component_ref idref="oc-ed"/>
      </symbol>
      <symbol id="sm-586">
         <name>__aeabi_d2iz</name>
         <value>0x4f43</value>
         <object_component_ref idref="oc-10c"/>
      </symbol>
      <symbol id="sm-592">
         <name>__aeabi_d2f</name>
         <value>0x4ef9</value>
         <object_component_ref idref="oc-fc"/>
      </symbol>
      <symbol id="sm-5a0">
         <name>__aeabi_f2d</name>
         <value>0x504f</value>
         <object_component_ref idref="oc-101"/>
      </symbol>
      <symbol id="sm-5ac">
         <name>__aeabi_i2d</name>
         <value>0x511d</value>
         <object_component_ref idref="oc-111"/>
      </symbol>
      <symbol id="sm-5c7">
         <name>memcpy</name>
         <value>0x491d</value>
         <object_component_ref idref="oc-33"/>
      </symbol>
      <symbol id="sm-5c8">
         <name>__aeabi_memcpy</name>
         <value>0x491d</value>
         <object_component_ref idref="oc-33"/>
      </symbol>
      <symbol id="sm-5c9">
         <name>__aeabi_memcpy8</name>
         <value>0x491d</value>
         <object_component_ref idref="oc-33"/>
      </symbol>
      <symbol id="sm-5ca">
         <name>__aeabi_memcpy4</name>
         <value>0x491d</value>
         <object_component_ref idref="oc-33"/>
      </symbol>
      <symbol id="sm-5d9">
         <name>__aeabi_memset</name>
         <value>0x4b53</value>
         <object_component_ref idref="oc-4c"/>
      </symbol>
      <symbol id="sm-5da">
         <name>memset</name>
         <value>0x4b59</value>
         <object_component_ref idref="oc-4c"/>
      </symbol>
      <symbol id="sm-5db">
         <name>__aeabi_memset8</name>
         <value>0x4b53</value>
         <object_component_ref idref="oc-4c"/>
      </symbol>
      <symbol id="sm-5dc">
         <name>__aeabi_memset4</name>
         <value>0x4b53</value>
         <object_component_ref idref="oc-4c"/>
      </symbol>
      <symbol id="sm-5dd">
         <name>__aeabi_memclr8</name>
         <value>0x4b51</value>
         <object_component_ref idref="oc-4c"/>
      </symbol>
      <symbol id="sm-5de">
         <name>__aeabi_memclr4</name>
         <value>0x4b51</value>
         <object_component_ref idref="oc-4c"/>
      </symbol>
      <symbol id="sm-5df">
         <name>__aeabi_memclr</name>
         <value>0x4b51</value>
         <object_component_ref idref="oc-4c"/>
      </symbol>
      <symbol id="sm-5e9">
         <name>_system_pre_init</name>
         <value>0x526b</value>
         <object_component_ref idref="oc-58"/>
      </symbol>
      <symbol id="sm-602">
         <name>sprintf</name>
         <value>0x4d09</value>
         <object_component_ref idref="oc-106"/>
      </symbol>
      <symbol id="sm-60a">
         <name>main_func_sp</name>
         <value>0x200005bc</value>
         <object_component_ref idref="oc-70"/>
      </symbol>
      <symbol id="sm-616">
         <name>__aeabi_ui2d</name>
         <value>0x51a3</value>
         <object_component_ref idref="oc-e8"/>
      </symbol>
      <symbol id="sm-62f">
         <name>_nop</name>
         <value>0x521f</value>
         <object_component_ref idref="oc-127"/>
      </symbol>
      <symbol id="sm-630">
         <name>_lock</name>
         <value>0x200005a0</value>
         <object_component_ref idref="oc-a5"/>
      </symbol>
      <symbol id="sm-631">
         <name>_unlock</name>
         <value>0x200005a4</value>
         <object_component_ref idref="oc-a5"/>
      </symbol>
      <symbol id="sm-632">
         <name>_register_lock</name>
         <value>0x5217</value>
         <object_component_ref idref="oc-127"/>
      </symbol>
      <symbol id="sm-633">
         <name>_register_unlock</name>
         <value>0x5211</value>
         <object_component_ref idref="oc-127"/>
      </symbol>
      <symbol id="sm-738">
         <name>__TI_printfi</name>
         <value>0x1021</value>
         <object_component_ref idref="oc-17d"/>
      </symbol>
      <symbol id="sm-74d">
         <name>_args_main</name>
         <value>0x51e1</value>
         <object_component_ref idref="oc-64"/>
      </symbol>
      <symbol id="sm-763">
         <name>atoi</name>
         <value>0x4e61</value>
         <object_component_ref idref="oc-1fb"/>
      </symbol>
      <symbol id="sm-789">
         <name>__TI_auto_init</name>
         <value>0x4bcd</value>
         <object_component_ref idref="oc-5e"/>
      </symbol>
      <symbol id="sm-7a3">
         <name>copy_in</name>
         <value>0x4ead</value>
         <object_component_ref idref="oc-95"/>
      </symbol>
      <symbol id="sm-7ae">
         <name>_ctypes_</name>
         <value>0x5390</value>
         <object_component_ref idref="oc-241"/>
      </symbol>
      <symbol id="sm-7d5">
         <name>__aeabi_cdcmpeq</name>
         <value>0x4a45</value>
         <object_component_ref idref="oc-1cd"/>
      </symbol>
      <symbol id="sm-7d6">
         <name>__aeabi_cdcmple</name>
         <value>0x4a45</value>
         <object_component_ref idref="oc-1cd"/>
      </symbol>
      <symbol id="sm-7d7">
         <name>__aeabi_cdrcmple</name>
         <value>0x4acb</value>
         <object_component_ref idref="oc-1d2"/>
      </symbol>
      <symbol id="sm-7e4">
         <name>frexp</name>
         <value>0x5179</value>
         <object_component_ref idref="oc-1dd"/>
      </symbol>
      <symbol id="sm-7f5">
         <name>ldexp</name>
         <value>0x4dbf</value>
         <object_component_ref idref="oc-1e3"/>
      </symbol>
      <symbol id="sm-804">
         <name>ltoa</name>
         <value>0x4d69</value>
         <object_component_ref idref="oc-1d7"/>
      </symbol>
      <symbol id="sm-814">
         <name>memccpy</name>
         <value>0x51c3</value>
         <object_component_ref idref="oc-1f5"/>
      </symbol>
      <symbol id="sm-824">
         <name>strchr</name>
         <value>0x51f9</value>
         <object_component_ref idref="oc-1e9"/>
      </symbol>
      <symbol id="sm-832">
         <name>strlen</name>
         <value>0x5225</value>
         <object_component_ref idref="oc-1c7"/>
      </symbol>
      <symbol id="sm-85c">
         <name>__aeabi_uldivmod</name>
         <value>0x3e6d</value>
         <object_component_ref idref="oc-1c2"/>
      </symbol>
      <symbol id="sm-86a">
         <name>_Dclass</name>
         <value>0x50bd</value>
         <object_component_ref idref="oc-1ef"/>
      </symbol>
      <symbol id="sm-88b">
         <name>_Dscale</name>
         <value>0x44bd</value>
         <object_component_ref idref="oc-22d"/>
      </symbol>
      <symbol id="sm-89f">
         <name>_Dunscale</name>
         <value>0x4ca3</value>
         <object_component_ref idref="oc-225"/>
      </symbol>
      <symbol id="sm-8ae">
         <name>_Feraise</name>
         <value>0x50ed</value>
         <object_component_ref idref="oc-233"/>
      </symbol>
      <symbol id="sm-8be">
         <name>_Rteps</name>
         <value>0x20000580</value>
         <object_component_ref idref="oc-25b"/>
      </symbol>
      <symbol id="sm-8bf">
         <name>_Zero</name>
         <value>0x20000598</value>
         <object_component_ref idref="oc-25b"/>
      </symbol>
      <symbol id="sm-8c0">
         <name>_Hugeval</name>
         <value>0x20000540</value>
         <object_component_ref idref="oc-25b"/>
      </symbol>
      <symbol id="sm-8c1">
         <name>_Snan</name>
         <value>0x20000570</value>
         <object_component_ref idref="oc-25b"/>
      </symbol>
      <symbol id="sm-8c2">
         <name>_Nan</name>
         <value>0x20000560</value>
         <object_component_ref idref="oc-25b"/>
      </symbol>
      <symbol id="sm-8c3">
         <name>_Inf</name>
         <value>0x20000550</value>
         <object_component_ref idref="oc-25b"/>
      </symbol>
      <symbol id="sm-8c4">
         <name>_Xbig</name>
         <value>0x20000590</value>
         <object_component_ref idref="oc-25b"/>
      </symbol>
      <symbol id="sm-8c5">
         <name>_Eps</name>
         <value>0x20000530</value>
         <object_component_ref idref="oc-25b"/>
      </symbol>
      <symbol id="sm-8c6">
         <name>_Denorm</name>
         <value>0x20000520</value>
         <object_component_ref idref="oc-25b"/>
      </symbol>
      <symbol id="sm-8ce">
         <name>_Errno</name>
         <value>0x200005b8</value>
         <object_component_ref idref="oc-266"/>
      </symbol>
      <symbol id="sm-8ec">
         <name>feraiseexcept</name>
         <value>0x5089</value>
         <object_component_ref idref="oc-260"/>
      </symbol>
      <symbol id="sm-8ed">
         <name>_Tls_setup__Fenv</name>
         <value>0x200005b4</value>
         <object_component_ref idref="oc-28a"/>
      </symbol>
      <symbol id="sm-8ee">
         <name>_Fenv</name>
         <value>0x200005b0</value>
         <object_component_ref idref="oc-28a"/>
      </symbol>
      <symbol id="sm-902">
         <name>raise</name>
         <value>0x514b</value>
         <object_component_ref idref="oc-284"/>
      </symbol>
      <symbol id="sm-91c">
         <name>signal</name>
         <value>0x4fd1</value>
         <object_component_ref idref="oc-294"/>
      </symbol>
      <symbol id="sm-931">
         <name>_Dnorm</name>
         <value>0x47c1</value>
         <object_component_ref idref="oc-251"/>
      </symbol>
      <symbol id="sm-932">
         <name>__TI_static_base__</name>
         <value>0x0</value>
      </symbol>
      <symbol id="sm-935">
         <name>SHT$$INIT_ARRAY$$Limit</name>
         <value>0x0</value>
      </symbol>
      <symbol id="sm-936">
         <name>SHT$$INIT_ARRAY$$Base</name>
         <value>0x0</value>
      </symbol>
   </symbol_table>
   <title>Link successful</title>
</link_info>
