******************************************************************************
                  TI ARM Linker PC v5.2.3                      
******************************************************************************
>> Linked Sun Mar 22 13:44:06 2015

OUTPUT FILE NAME:   <Nokia.out>
ENTRY POINT SYMBOL: "_c_int00"  address: 00000ed9


MEMORY CONFIGURATION

         name            origin    length      used     unused   attr    fill
----------------------  --------  ---------  --------  --------  ----  --------
  FLASH                 00000000   00040000  00001630  0003e9d0  R  X
  SRAM                  20000000   00008000  0000040c  00007bf4  RW X


SEGMENT ALLOCATION MAP

run origin  load origin   length   init length attrs members
----------  ----------- ---------- ----------- ----- -------
00000000    00000000    00001638   00001638    r-x
  00000000    00000000    0000026c   0000026c    r-- .intvecs
  00000270    00000270    00000db4   00000db4    r-x .text
  00001024    00001024    000005d8   000005d8    r-- .const
  00001600    00001600    00000038   00000038    r-- .cinit
20000000    20000000    0000040c   00000000    rw-
  20000000    20000000    00000200   00000000    rw- .stack
  20000200    20000200    000001f8   00000000    rw- .bss
  200003f8    200003f8    00000014   00000000    rw- .data


SECTION ALLOCATION MAP

 output                                  attributes/
section   page    origin      length       input sections
--------  ----  ----------  ----------   ----------------
.intvecs   0    00000000    0000026c     
                  00000000    0000026c     tm4c123gh6pm_startup_ccs.obj (.intvecs)

.text      0    00000270    00000db4     
                  00000270    000008b8     Nokia5110.obj (.text)
                  00000b28    000000f6     Nokia5110TestMain.obj (.text)
                  00000c1e    00000002     --HOLE-- [fill = 0]
                  00000c20    000000c8     PLL.obj (.text)
                  00000ce8    0000009c     rtsv7M4_T_le_v4SPD16_eabi.lib : memcpy_t2.obj (.text)
                  00000d84    0000007a                                   : memset_t2.obj (.text)
                  00000dfe    00000002     --HOLE-- [fill = 0]
                  00000e00    0000006c                                   : autoinit.obj (.text)
                  00000e6c    0000006a                                   : copy_decompress_rle.obj (.text)
                  00000ed6    00000002     --HOLE-- [fill = 0]
                  00000ed8    00000050                                   : boot.obj (.text)
                  00000f28    0000004c                                   : cpy_tbl.obj (.text)
                  00000f74    00000044                                   : exit.obj (.text)
                  00000fb8    0000001a     tm4c123gh6pm_startup_ccs.obj (.text)
                  00000fd2    00000002     --HOLE-- [fill = 0]
                  00000fd4    00000018     rtsv7M4_T_le_v4SPD16_eabi.lib : args_main.obj (.text)
                  00000fec    00000014                                   : _lock.obj (.text)
                  00001000    0000000e                                   : copy_decompress_none.obj (.text:decompress:none)
                  0000100e    0000000c                                   : copy_zero_init.obj (.text:decompress:ZI)
                  0000101a    00000006                                   : copy_decompress_rle.obj (.text:decompress:rle24)
                  00001020    00000004                                   : pre_init.obj (.text)

.const     0    00001024    000005d8     
                  00001024    000001f8     Nokia5110TestMain.obj (.const:.string:Longhorn2)
                  0000121c    000001f8     Nokia5110TestMain.obj (.const:.string:Longhorn)
                  00001414    000001e0     Nokia5110.obj (.const:ASCII)
                  000015f4    00000008     Nokia5110.obj (.const:.string)

.cinit     0    00001600    00000038     
                  00001600    0000000f     (.cinit..data.load) [load image, compression = rle]
                  0000160f    00000001     --HOLE-- [fill = 0]
                  00001610    0000000c     (__TI_handler_table)
                  0000161c    00000004     --HOLE-- [fill = 0]
                  00001620    00000008     (.cinit..bss.load) [load image, compression = zero_init]
                  00001628    00000010     (__TI_cinit_table)

.init_array 
*          0    00000000    00000000     UNINITIALIZED

.stack     0    20000000    00000200     UNINITIALIZED
                  20000000    00000200     --HOLE--

.bss       0    20000200    000001f8     UNINITIALIZED
                  20000200    000001f8     Nokia5110.obj (.bss:Screen)

.TI.noinit 
*          0    20000200    00000000     UNINITIALIZED

.data      0    200003f8    00000014     UNINITIALIZED
                  200003f8    00000008     rtsv7M4_T_le_v4SPD16_eabi.lib : _lock.obj (.data)
                  20000400    00000008                                   : exit.obj (.data)
                  20000408    00000004                                   : stkdepth_vars.obj (.data)

.TI.persistent 
*          0    200003f8    00000000     UNINITIALIZED


LINKER GENERATED COPY TABLES

__TI_cinit_table @ 00001628 records: 2, size/record: 8, table size: 16
	.data: load addr=00001600, load size=0000000f bytes, run addr=200003f8, run size=00000014 bytes, compression=rle
	.bss: load addr=00001620, load size=00000008 bytes, run addr=20000200, run size=000001f8 bytes, compression=zero_init


LINKER GENERATED HANDLER TABLE

__TI_handler_table @ 00001610 records: 3, size/record: 4, table size: 12
	index: 0, handler: __TI_decompress_rle24
	index: 1, handler: __TI_decompress_none
	index: 2, handler: __TI_zero_init


GLOBAL SYMBOLS: SORTED ALPHABETICALLY BY Name 

address   name                    
-------   ----                    
00000f75  C$$EXIT                 
00000b29  Delay                   
0000121c  Longhorn                
00001024  Longhorn2               
000015f4  Masks                   
000007d1  Nokia5110_Clear         
00000a79  Nokia5110_ClearBuffer   
00000ab9  Nokia5110_ClrPxl        
00000aa9  Nokia5110_DisplayBuffer 
00000801  Nokia5110_DrawFullImage 
00000361  Nokia5110_Init          
00000529  Nokia5110_OutChar       
00000581  Nokia5110_OutString     
000005a9  Nokia5110_OutUDec       
00000851  Nokia5110_PrintBMP      
00000791  Nokia5110_SetCursor     
00000af1  Nokia5110_SetPxl        
00000c21  PLL_Init                
00000fb9  ResetISR                
UNDEFED   SHT$$INIT_ARRAY$$Base   
UNDEFED   SHT$$INIT_ARRAY$$Limit  
20000200  Screen                  
20000200  __STACK_END             
00000200  __STACK_SIZE            
20000200  __STACK_TOP             
00001628  __TI_CINIT_Base         
00001638  __TI_CINIT_Limit        
00001610  __TI_Handler_Table_Base 
0000161c  __TI_Handler_Table_Limit
00000e01  __TI_auto_init          
20000400  __TI_cleanup_ptr        
00001001  __TI_decompress_none    
0000101b  __TI_decompress_rle24   
20000404  __TI_dtors_ptr          
00000000  __TI_static_base__      
0000100f  __TI_zero_init          
00000d85  __aeabi_memclr          
00000d85  __aeabi_memclr4         
00000d85  __aeabi_memclr8         
00000ce9  __aeabi_memcpy          
00000ce9  __aeabi_memcpy4         
00000ce9  __aeabi_memcpy8         
00000d87  __aeabi_memset          
00000d87  __aeabi_memset4         
00000d87  __aeabi_memset8         
ffffffff  __binit__               
ffffffff  __c_args__              
20000000  __stack                 
00000fd5  _args_main              
00000ed9  _c_int00                
200003f8  _lock                   
00000ffb  _nop                    
00000ff3  _register_lock          
00000fed  _register_unlock        
00001021  _system_pre_init        
200003fc  _unlock                 
00000f79  abort                   
ffffffff  binit                   
00000f29  copy_in                 
00000f81  exit                    
00000000  g_pfnVectors            
00000b39  main                    
20000408  main_func_sp            
00000ce9  memcpy                  
00000d8d  memset                  


GLOBAL SYMBOLS: SORTED BY Symbol Address 

address   name                    
-------   ----                    
00000000  __TI_static_base__      
00000000  g_pfnVectors            
00000200  __STACK_SIZE            
00000361  Nokia5110_Init          
00000529  Nokia5110_OutChar       
00000581  Nokia5110_OutString     
000005a9  Nokia5110_OutUDec       
00000791  Nokia5110_SetCursor     
000007d1  Nokia5110_Clear         
00000801  Nokia5110_DrawFullImage 
00000851  Nokia5110_PrintBMP      
00000a79  Nokia5110_ClearBuffer   
00000aa9  Nokia5110_DisplayBuffer 
00000ab9  Nokia5110_ClrPxl        
00000af1  Nokia5110_SetPxl        
00000b29  Delay                   
00000b39  main                    
00000c21  PLL_Init                
00000ce9  __aeabi_memcpy          
00000ce9  __aeabi_memcpy4         
00000ce9  __aeabi_memcpy8         
00000ce9  memcpy                  
00000d85  __aeabi_memclr          
00000d85  __aeabi_memclr4         
00000d85  __aeabi_memclr8         
00000d87  __aeabi_memset          
00000d87  __aeabi_memset4         
00000d87  __aeabi_memset8         
00000d8d  memset                  
00000e01  __TI_auto_init          
00000ed9  _c_int00                
00000f29  copy_in                 
00000f75  C$$EXIT                 
00000f79  abort                   
00000f81  exit                    
00000fb9  ResetISR                
00000fd5  _args_main              
00000fed  _register_unlock        
00000ff3  _register_lock          
00000ffb  _nop                    
00001001  __TI_decompress_none    
0000100f  __TI_zero_init          
0000101b  __TI_decompress_rle24   
00001021  _system_pre_init        
00001024  Longhorn2               
0000121c  Longhorn                
000015f4  Masks                   
00001610  __TI_Handler_Table_Base 
0000161c  __TI_Handler_Table_Limit
00001628  __TI_CINIT_Base         
00001638  __TI_CINIT_Limit        
20000000  __stack                 
20000200  Screen                  
20000200  __STACK_END             
20000200  __STACK_TOP             
200003f8  _lock                   
200003fc  _unlock                 
20000400  __TI_cleanup_ptr        
20000404  __TI_dtors_ptr          
20000408  main_func_sp            
ffffffff  __binit__               
ffffffff  __c_args__              
ffffffff  binit                   
UNDEFED   SHT$$INIT_ARRAY$$Base   
UNDEFED   SHT$$INIT_ARRAY$$Limit  

[65 symbols]
